Archive member included to satisfy reference by file (symbol)

/opt/devkitpro/libnds/lib/libnds9.a(sprite.o)
                              sprites.o (oamInit)
/opt/devkitpro/libnds/lib/libnds9.a(trig.o)
                              /opt/devkitpro/libnds/lib/libnds9.a(sprite.o) (sinLerp)
/opt/devkitpro/libnds/lib/libnds9.a(console.o)
                              main.o (consoleDemoInit)
/opt/devkitpro/libnds/lib/libnds9.a(system.o)
                              main.o (powerOn)
/opt/devkitpro/libnds/lib/libnds9.a(sprite_alloc.o)
                              /opt/devkitpro/libnds/lib/libnds9.a(sprite.o) (oamAllocReset)
/opt/devkitpro/libnds/lib/libnds9.a(touch.o)
                              main.o (touchRead)
/opt/devkitpro/libnds/lib/libnds9.a(video.o)
                              graficos.o (vramSetMainBanks)
/opt/devkitpro/libnds/lib/libnds9.a(background.o)
                              /opt/devkitpro/libnds/lib/libnds9.a(console.o) (bgState)
/opt/devkitpro/libnds/lib/libnds9.a(securearea.o)
                              /opt/devkitpro/devkitARM/lib/gcc/arm-none-eabi/7.1.0/../../../../arm-none-eabi/lib/thumb/ds_arm9_crt0.o (__secure_area__)
/opt/devkitpro/libnds/lib/libnds9.a(initSystem.o)
                              /opt/devkitpro/devkitARM/lib/gcc/arm-none-eabi/7.1.0/../../../../arm-none-eabi/lib/thumb/ds_arm9_crt0.o (initSystem)
/opt/devkitpro/libnds/lib/libnds9.a(fifosystem.o)
                              /opt/devkitpro/libnds/lib/libnds9.a(initSystem.o) (fifoSetValue32Handler)
/opt/devkitpro/libnds/lib/libnds9.a(libnds_exit.arm.o)
                              /opt/devkitpro/devkitARM/lib/gcc/arm-none-eabi/7.1.0/../../../../arm-none-eabi/lib/thumb/ds_arm9_crt0.o (__libnds_exit)
/opt/devkitpro/libnds/lib/libnds9.a(interrupts.o)
                              rutserv.o (irqSet)
/opt/devkitpro/libnds/lib/libnds9.a(dcache.o)
                              /opt/devkitpro/libnds/lib/libnds9.a(sprite.o) (DC_FlushRange)
/opt/devkitpro/libnds/lib/libnds9.a(cpu_clock.o)
                              /opt/devkitpro/libnds/lib/libnds9.a(initSystem.o) (setCpuClock)
/opt/devkitpro/libnds/lib/libnds9.a(IntrWait.o)
                              /opt/devkitpro/libnds/lib/libnds9.a(sprite.o) (swiWaitForVBlank)
/opt/devkitpro/libnds/lib/libnds9.a(mpu_setup.o)
                              /opt/devkitpro/devkitARM/lib/gcc/arm-none-eabi/7.1.0/../../../../arm-none-eabi/lib/thumb/ds_arm9_crt0.o (__libnds_mpu_setup)
/opt/devkitpro/libnds/lib/libnds9.a(swiSoftReset.o)
                              /opt/devkitpro/libnds/lib/libnds9.a(fifosystem.o) (swiSoftReset)
/opt/devkitpro/libnds/lib/libnds9.a(debugprint.o)
                              /opt/devkitpro/libnds/lib/libnds9.a(console.o) (nocashWrite)
/opt/devkitpro/libnds/lib/libnds9.a(biosCalls.o)
                              /opt/devkitpro/libnds/lib/libnds9.a(system.o) (swiDelay)
/opt/devkitpro/libnds/lib/libnds9.a(interruptDispatcher.o)
                              /opt/devkitpro/libnds/lib/libnds9.a(interrupts.o) (IntrMain)
/opt/devkitpro/libnds/lib/libnds9.a(default_font.bin.o)
                              /opt/devkitpro/libnds/lib/libnds9.a(console.o) (default_font_bin)
/opt/devkitpro/libnds/lib/libnds9.a(timeSupport.o)
                              /opt/devkitpro/libnds/lib/libnds9.a(initSystem.o) (__libnds_gtod)
/opt/devkitpro/devkitARM/lib/gcc/arm-none-eabi/7.1.0/thumb/libgcc.a(_divsi3.o)
                              main.o (__aeabi_idivmod)
/opt/devkitpro/devkitARM/lib/gcc/arm-none-eabi/7.1.0/thumb/libgcc.a(_dvmd_tls.o)
                              /opt/devkitpro/devkitARM/lib/gcc/arm-none-eabi/7.1.0/thumb/libgcc.a(_divsi3.o) (__aeabi_idiv0)
/opt/devkitpro/devkitARM/lib/gcc/arm-none-eabi/7.1.0/../../../../arm-none-eabi/lib/thumb/libg.a(lib_a-bsearch.o)
                              /opt/devkitpro/libnds/lib/libnds9.a(trig.o) (bsearch)
/opt/devkitpro/devkitARM/lib/gcc/arm-none-eabi/7.1.0/../../../../arm-none-eabi/lib/thumb/libg.a(lib_a-init.o)
                              /opt/devkitpro/devkitARM/lib/gcc/arm-none-eabi/7.1.0/../../../../arm-none-eabi/lib/thumb/ds_arm9_crt0.o (__libc_init_array)
/opt/devkitpro/devkitARM/lib/gcc/arm-none-eabi/7.1.0/../../../../arm-none-eabi/lib/thumb/libg.a(lib_a-iprintf.o)
                              /opt/devkitpro/libnds/lib/libnds9.a(console.o) (iprintf)
/opt/devkitpro/devkitARM/lib/gcc/arm-none-eabi/7.1.0/../../../../arm-none-eabi/lib/thumb/libg.a(lib_a-malloc.o)
                              /opt/devkitpro/libnds/lib/libnds9.a(sprite_alloc.o) (malloc)
/opt/devkitpro/devkitARM/lib/gcc/arm-none-eabi/7.1.0/../../../../arm-none-eabi/lib/thumb/libg.a(lib_a-mallocr.o)
                              /opt/devkitpro/devkitARM/lib/gcc/arm-none-eabi/7.1.0/../../../../arm-none-eabi/lib/thumb/libg.a(lib_a-malloc.o) (_malloc_r)
/opt/devkitpro/devkitARM/lib/gcc/arm-none-eabi/7.1.0/../../../../arm-none-eabi/lib/thumb/libg.a(lib_a-memcpy-stub.o)
                              /opt/devkitpro/libnds/lib/libnds9.a(console.o) (memcpy)
[...]
Memory Configuration

Name             Origin             Length             Attributes
ewram            0x0000000002000000 0x0000000000380000
dtcm             0x000000000b000000 0x0000000000004000
vectors          0x0000000001000000 0x0000000000000100
itcm             0x0000000001000100 0x0000000000007f00
*default*        0x0000000000000000 0xffffffffffffffff

Linker script and memory map

                0x0000000002380000                __ewram_end = (ORIGIN (ewram) + LENGTH (ewram))
                0x0000000002380000                __eheap_end = (ORIGIN (ewram) + LENGTH (ewram))
                0x000000000b004000                __dtcm_top = (ORIGIN (dtcm) + LENGTH (dtcm))
                0x000000000b003ff8                __irq_flags = (__dtcm_top - 0x8)
                0x000000000b003ffc                __irq_vector = (__dtcm_top - 0x4)
                0x000000000b003f00                __sp_svc = (__dtcm_top - 0x100)
                0x000000000b003e00                __sp_irq = (__sp_svc - 0x100)
                0x000000000b003d00                __sp_usr = (__sp_irq - 0x100)

.secure         0x0000000002000000      0x800
 *(.secure)
 .secure        0x0000000002000000      0x800 /opt/devkitpro/libnds/lib/libnds9.a(securearea.o)
                0x0000000002000000                __secure_area__

.crt0           0x0000000002000800      0x300
                0x0000000002000800                __text_start = .
 *(.crt0)
 .crt0          0x0000000002000800      0x300 /opt/devkitpro/devkitARM/lib/gcc/arm-none-eabi/7.1.0/../../../../arm-none-eabi/lib/thumb/ds_arm9_crt0.o
                0x0000000002000800                _start
                0x0000000002000b00                . = ALIGN (0x4)

.plt
 *(.plt)

.init           0x0000000002000b00        0xc
 *(SORT(.init))
 .init          0x0000000002000b00        0x4 /opt/devkitpro/devkitARM/lib/gcc/arm-none-eabi/7.1.0/thumb/crti.o
                0x0000000002000b00                _init
 .init          0x0000000002000b04        0x8 /opt/devkitpro/devkitARM/lib/gcc/arm-none-eabi/7.1.0/thumb/crtn.o

.text           0x0000000002000b10    0x10ba8
 *(EXCLUDE_FILE(*.twl* *.vectors* *.itcm*) .text)
 .text          0x0000000002000b10       0xc4 rutserv.o
                0x0000000002000b10                HabilitarInterrupciones
                0x0000000002000b34                ProgramarRegistrosControl
                0x0000000002000b60                DefinirVectorInterrupciones
                0x0000000002000b80                InhibirInterrupciones
                0x0000000002000b84                interrupciones
 .text          0x0000000002000bd4       0xb8 teclado.o
                0x0000000002000bd4                TeclaPulsada
                0x0000000002000c48                IntTec
 .text          0x0000000002000c8c       0x40 graficos.o
                0x0000000002000c8c                initVideo
 .text          0x0000000002000ccc      0x404 sprites.o
                0x0000000002000ccc                initSpriteMem
                0x0000000002000d3c                establecerPaletaPrincipal
                0x0000000002000e74                establecerPaletaSecundaria
                0x0000000002000ea0                BorrarBillete
                0x0000000002000efc                MostrarBillete
                0x0000000002000f58                BorrarSobre
                0x0000000002000fc0                MostrarSobre
                0x0000000002001028                guardarSpritesEnMemoria
 .text          0x00000000020010d0       0x34 utilidades.o
                0x00000000020010d0                mover_izda
                0x00000000020010e8                mostrar_sobre
                0x00000000020010fc                actualizar_panel_int
                0x0000000002001100                actualizar_panel_enq
 .text          0x0000000002001104      0x354 main.o
                0x0000000002001104                TactilTocada
                0x0000000002001124                actualizar_billete
                0x0000000002001138                limpiar_pantalla
                0x0000000002001154                mostrar_panel_puntos
                0x0000000002001178                actualizar_puntiacion
                0x000000000200119c                iniciar_partida
                0x0000000002001218                finalizar_partida
                0x000000000200127c                actualizar_flags
                0x00000000020013f8                pantalla_de_inicio
 .text          0x0000000002001458      0x12c fondos.o
                0x0000000002001458                initFondos
                0x0000000002001524                SetFondo
                0x0000000002001554                SetFondoSub
 .text          0x0000000002001584       0x9c temporizadores.o
                0x0000000002001584                IntTemp
 .text          0x0000000002001620      0x150 /opt/devkitpro/devkitARM/lib/gcc/arm-none-eabi/7.1.0/thumb/libgcc.a(_divsi3.o)
                0x0000000002001620                __aeabi_idiv
                0x0000000002001620                __divsi3
                0x0000000002001750                __aeabi_idivmod
 .text          0x0000000002001770        0x4 /opt/devkitpro/devkitARM/lib/gcc/arm-none-eabi/7.1.0/thumb/libgcc.a(_dvmd_tls.o)
                0x0000000002001770                __aeabi_ldiv0
                0x0000000002001770                __aeabi_idiv0
 .text          0x0000000002001774      0x224 /opt/devkitpro/devkitARM/lib/gcc/arm-none-eabi/7.1.0/../../../../arm-none-eabi/lib/thumb/libg.a(lib_a-strcmp.o)
                0x0000000002001774                strcmp
 .text          0x0000000002001998      0x11c /opt/devkitpro/devkitARM/lib/gcc/arm-none-eabi/7.1.0/thumb/libgcc.a(_udivsi3.o)
                0x0000000002001998                __udivsi3
                0x0000000002001998                __aeabi_uidiv
                0x0000000002001a94                __aeabi_uidivmod
 .text          0x0000000002001ab4      0x424 /opt/devkitpro/devkitARM/lib/gcc/arm-none-eabi/7.1.0/thumb/libgcc.a(_arm_addsubdf3.o)
                0x0000000002001ab4                __aeabi_drsub
                0x0000000002001abc                __aeabi_dsub
                0x0000000002001abc                __subdf3
                0x0000000002001ac0                __adddf3
                0x0000000002001ac0                __aeabi_dadd
                0x0000000002001dd0                __aeabi_ui2d
                0x0000000002001dd0                __floatunsidf
                0x0000000002001df4                __floatsidf
                0x0000000002001df4                __aeabi_i2d
                0x0000000002001e1c                __extendsfdf2
                0x0000000002001e1c                __aeabi_f2d
                0x0000000002001e64                __aeabi_ul2d
                0x0000000002001e64                __floatundidf
                0x0000000002001e78                __floatdidf
                0x0000000002001e78                __aeabi_l2d
 .text          0x0000000002001ed8      0x49c /opt/devkitpro/devkitARM/lib/gcc/arm-none-eabi/7.1.0/thumb/libgcc.a(_arm_muldivdf3.o)
                0x0000000002001ed8                __aeabi_dmul
                0x0000000002001ed8                __muldf3
                0x0000000002002168                __aeabi_ddiv
                0x0000000002002168                __divdf3
 .text          0x0000000002002374      0x144 /opt/devkitpro/devkitARM/lib/gcc/arm-none-eabi/7.1.0/thumb/libgcc.a(_arm_cmpdf2.o)
                0x0000000002002374                __gtdf2
                0x0000000002002374                __gedf2
                0x000000000200237c                __ltdf2
                0x000000000200237c                __ledf2
                0x0000000002002384                __cmpdf2
                0x0000000002002384                __eqdf2
                0x0000000002002384                __nedf2
                0x000000000200240c                __aeabi_cdrcmple
                0x0000000002002428                __aeabi_cdcmple
                0x0000000002002428                __aeabi_cdcmpeq
                0x0000000002002440                __aeabi_dcmpeq
                0x0000000002002458                __aeabi_dcmplt
                0x0000000002002470                __aeabi_dcmple
                0x0000000002002488                __aeabi_dcmpge
                0x00000000020024a0                __aeabi_dcmpgt
 .text          0x00000000020024b8       0x38 /opt/devkitpro/devkitARM/lib/gcc/arm-none-eabi/7.1.0/thumb/libgcc.a(_arm_unorddf2.o)
                0x00000000020024b8                __aeabi_dcmpun
                0x00000000020024b8                __unorddf2
 .text          0x00000000020024f0       0x5c /opt/devkitpro/devkitARM/lib/gcc/arm-none-eabi/7.1.0/thumb/libgcc.a(_arm_fixdfsi.o)
                0x00000000020024f0                __fixdfsi
                0x00000000020024f0                __aeabi_d2iz
 .text          0x000000000200254c       0x3c /opt/devkitpro/devkitARM/lib/gcc/arm-none-eabi/7.1.0/thumb/libgcc.a(_aeabi_uldivmod.o)
                0x000000000200254c                __aeabi_uldivmod
 .text          0x0000000002002588       0x28 /opt/devkitpro/devkitARM/lib/gcc/arm-none-eabi/7.1.0/thumb/libgcc.a(_clzdi2.o)
                0x0000000002002588                __clzdi2
 .text          0x00000000020025b0       0x48 /opt/devkitpro/devkitARM/lib/gcc/arm-none-eabi/7.1.0/thumb/libgcc.a(_clzsi2.o)
                0x00000000020025b0                __clzsi2
 *(EXCLUDE_FILE(*.twl* *.vectors* *.itcm*) .stub)
 *(EXCLUDE_FILE(*.twl* *.vectors* *.itcm*) .text.*)
 .text.deregister_tm_clones
                0x00000000020025f8       0x2c /opt/devkitpro/devkitARM/lib/gcc/arm-none-eabi/7.1.0/thumb/crtbegin.o
 .text.register_tm_clones
                0x0000000002002624       0x34 /opt/devkitpro/devkitARM/lib/gcc/arm-none-eabi/7.1.0/thumb/crtbegin.o
 .text.__do_global_dtors_aux
                0x0000000002002658       0x30 /opt/devkitpro/devkitARM/lib/gcc/arm-none-eabi/7.1.0/thumb/crtbegin.o
 .text.frame_dummy
                0x0000000002002688       0x28 /opt/devkitpro/devkitARM/lib/gcc/arm-none-eabi/7.1.0/thumb/crtbegin.o
 .text.startup  0x00000000020026b0      0x178 main.o
                0x00000000020026b0                main
 .text.oamInit  0x0000000002002828      0x11c /opt/devkitpro/libnds/lib/libnds9.a(sprite.o)
                0x0000000002002828                oamInit
 .text.oamGetGfxPtr
                0x0000000002002944       0x38 /opt/devkitpro/libnds/lib/libnds9.a(sprite.o)
                0x0000000002002944                oamGetGfxPtr
 .text.oamGfxPtrToOffset
                0x000000000200297c       0x34 /opt/devkitpro/libnds/lib/libnds9.a(sprite.o)
                0x000000000200297c                oamGfxPtrToOffset
 .text.oamSet   0x00000000020029b0      0x15c /opt/devkitpro/libnds/lib/libnds9.a(sprite.o)
                0x00000000020029b0                oamSet
 .text.oamUpdate
                0x0000000002002b0c       0x60 /opt/devkitpro/libnds/lib/libnds9.a(sprite.o)
                0x0000000002002b0c                oamUpdate
 .text.sinLerp  0x0000000002002b6c       0xa0 /opt/devkitpro/libnds/lib/libnds9.a(trig.o)
                0x0000000002002b6c                sinLerp
 .text.cosLerp  0x0000000002002c0c       0x14 /opt/devkitpro/libnds/lib/libnds9.a(trig.o)
                0x0000000002002c0c                cosLerp
 .text.newRow   0x0000000002002c20       0xbc /opt/devkitpro/libnds/lib/libnds9.a(console.o)
 .text.consolePrintChar
                0x0000000002002cdc       0xec /opt/devkitpro/libnds/lib/libnds9.a(console.o)
                0x0000000002002cdc                consolePrintChar
 .text.consoleCls
                0x0000000002002dc8       0xec /opt/devkitpro/libnds/lib/libnds9.a(console.o)
 .text.consoleLoadFont
                0x0000000002002eb4      0x270 /opt/devkitpro/libnds/lib/libnds9.a(console.o)
                0x0000000002002eb4                consoleLoadFont
 .text.consoleInit
                0x0000000002003124      0x15c /opt/devkitpro/libnds/lib/libnds9.a(console.o)
                0x0000000002003124                consoleInit
 .text.consoleDemoInit
                0x0000000002003280       0x40 /opt/devkitpro/libnds/lib/libnds9.a(console.o)
                0x0000000002003280                consoleDemoInit
 .text.con_write
                0x00000000020032c0      0x288 /opt/devkitpro/libnds/lib/libnds9.a(console.o)
                0x00000000020032c0                con_write
 .text.systemValueHandler
                0x0000000002003548       0x48 /opt/devkitpro/libnds/lib/libnds9.a(system.o)
                0x0000000002003548                systemValueHandler
 .text.systemMsgHandler
                0x0000000002003590       0x5c /opt/devkitpro/libnds/lib/libnds9.a(system.o)
                0x0000000002003590                systemMsgHandler
 .text.powerOn  0x00000000020035ec       0x2c /opt/devkitpro/libnds/lib/libnds9.a(system.o)
                0x00000000020035ec                powerOn
 .text.getAllocHeader
                0x0000000002003618       0x28 /opt/devkitpro/libnds/lib/libnds9.a(sprite_alloc.o)
 .text.oamAllocReset
                0x0000000002003640       0x1c /opt/devkitpro/libnds/lib/libnds9.a(sprite_alloc.o)
                0x0000000002003640                oamAllocReset
 .text.oamAllocateGfx
                0x000000000200365c      0x224 /opt/devkitpro/libnds/lib/libnds9.a(sprite_alloc.o)
                0x000000000200365c                oamAllocateGfx
 .text.touchRead
                0x0000000002003880       0x24 /opt/devkitpro/libnds/lib/libnds9.a(touch.o)
                0x0000000002003880                touchRead
 .text.vramSetPrimaryBanks
                0x00000000020038a4       0x44 /opt/devkitpro/libnds/lib/libnds9.a(video.o)
                0x00000000020038a4                vramSetPrimaryBanks
 .text.vramSetMainBanks
                0x00000000020038e8        0x8 /opt/devkitpro/libnds/lib/libnds9.a(video.o)
                0x00000000020038e8                vramSetMainBanks
 .text.vramDefault
                0x00000000020038f0       0xd0 /opt/devkitpro/libnds/lib/libnds9.a(video.o)
                0x00000000020038f0                vramDefault
 .text.checkIfText.part.0
                0x00000000020039c0       0x3c /opt/devkitpro/libnds/lib/libnds9.a(background.o)
 .text.bgUpdate
                0x00000000020039fc       0xec /opt/devkitpro/libnds/lib/libnds9.a(background.o)
                0x00000000020039fc                bgUpdate
 .text.bgInit_call
                0x0000000002003ae8       0xbc /opt/devkitpro/libnds/lib/libnds9.a(background.o)
                0x0000000002003ae8                bgInit_call
 .text.bgInitSub_call
                0x0000000002003ba4       0xc4 /opt/devkitpro/libnds/lib/libnds9.a(background.o)
                0x0000000002003ba4                bgInitSub_call
 .text.initSystem
                0x0000000002003c68      0x194 /opt/devkitpro/libnds/lib/libnds9.a(initSystem.o)
                0x0000000002003c68                initSystem
 .text.__timeoutvbl
                0x0000000002003dfc       0x10 /opt/devkitpro/libnds/lib/libnds9.a(fifosystem.o)
 .text.fifo_allocBlock.part.0
                0x0000000002003e0c       0x34 /opt/devkitpro/libnds/lib/libnds9.a(fifosystem.o)
 .text.fifo_waitBlock
                0x0000000002003e40       0x48 /opt/devkitpro/libnds/lib/libnds9.a(fifosystem.o)
 .text.fifo_queueBlock
                0x0000000002003e88       0x44 /opt/devkitpro/libnds/lib/libnds9.a(fifosystem.o)
 .text.fifoInternalSendInterrupt
                0x0000000002003ecc       0xac /opt/devkitpro/libnds/lib/libnds9.a(fifosystem.o)
 .text.fifoInternalSend.part.3
                0x0000000002003f78       0xd4 /opt/devkitpro/libnds/lib/libnds9.a(fifosystem.o)
 .text.fifoGetValue32.part.4
                0x000000000200404c       0x74 /opt/devkitpro/libnds/lib/libnds9.a(fifosystem.o)
 .text.fifoSetValue32Handler
                0x00000000020040c0       0x74 /opt/devkitpro/libnds/lib/libnds9.a(fifosystem.o)
                0x00000000020040c0                fifoSetValue32Handler
 .text.fifoSendValue32
                0x0000000002004134       0x4c /opt/devkitpro/libnds/lib/libnds9.a(fifosystem.o)
                0x0000000002004134                fifoSendValue32
 .text.fifoGetDatamsg
                0x0000000002004180      0x140 /opt/devkitpro/libnds/lib/libnds9.a(fifosystem.o)
                0x0000000002004180                fifoGetDatamsg
 .text.fifoInternalRecvInterrupt
                0x00000000020042c0      0x3a0 /opt/devkitpro/libnds/lib/libnds9.a(fifosystem.o)
 .text.fifoSetDatamsgHandler
                0x0000000002004660       0x9c /opt/devkitpro/libnds/lib/libnds9.a(fifosystem.o)
                0x0000000002004660                fifoSetDatamsgHandler
 .text.fifoInit
                0x00000000020046fc      0x1cc /opt/devkitpro/libnds/lib/libnds9.a(fifosystem.o)
                0x00000000020046fc                fifoInit
 .text.systemErrorExit
                0x00000000020048c8        0x4 /opt/devkitpro/libnds/lib/libnds9.a(libnds_exit.arm.o)
                0x00000000020048c8                systemErrorExit
 *fill*         0x00000000020048cc        0x4 ff
 .text.__libnds_exit
                0x00000000020048d0       0x5c /opt/devkitpro/libnds/lib/libnds9.a(libnds_exit.arm.o)
                0x00000000020048d0                __libnds_exit
 .text.irqDummy
                0x000000000200492c        0x4 /opt/devkitpro/libnds/lib/libnds9.a(interrupts.o)
                0x000000000200492c                irqDummy
 .text.irqSet   0x0000000002004930       0x6c /opt/devkitpro/libnds/lib/libnds9.a(interrupts.o)
                0x0000000002004930                irqSet
 .text.irqInit  0x000000000200499c       0x50 /opt/devkitpro/libnds/lib/libnds9.a(interrupts.o)
                0x000000000200499c                irqInit
 .text.irqEnable
                0x00000000020049ec       0x64 /opt/devkitpro/libnds/lib/libnds9.a(interrupts.o)
                0x00000000020049ec                irqEnable
 .text.irqDisable
                0x0000000002004a50       0x64 /opt/devkitpro/libnds/lib/libnds9.a(interrupts.o)
                0x0000000002004a50                irqDisable
 .text.DC_FlushRange
                0x0000000002004ab4       0x24 /opt/devkitpro/libnds/lib/libnds9.a(dcache.o)
                0x0000000002004ab4                DC_FlushRange
 .text.setCpuClock
                0x0000000002004ad8       0x50 /opt/devkitpro/libnds/lib/libnds9.a(cpu_clock.o)
                0x0000000002004ad8                setCpuClock
 .text.swiWaitForVBlank
                0x0000000002004b28        0x8 /opt/devkitpro/libnds/lib/libnds9.a(IntrWait.o)
                0x0000000002004b28                swiWaitForVBlank
 .text.swiIntrWait
                0x0000000002004b30       0x64 /opt/devkitpro/libnds/lib/libnds9.a(IntrWait.o)
                0x0000000002004b30                swiIntrWait
 .text.__libnds_mpu_setup
                0x0000000002004b94      0x174 /opt/devkitpro/libnds/lib/libnds9.a(mpu_setup.o)
                0x0000000002004b94                __libnds_mpu_setup
 .text.memUncached
                0x0000000002004d08       0x20 /opt/devkitpro/libnds/lib/libnds9.a(mpu_setup.o)
                0x0000000002004d08                memUncached
 .text.swiSoftReset
                0x0000000002004d28       0x2c /opt/devkitpro/libnds/lib/libnds9.a(swiSoftReset.o)
                0x0000000002004d28                swiSoftReset
 .text.swiDelay
                0x0000000002004d54        0x4 /opt/devkitpro/libnds/lib/libnds9.a(biosCalls.o)
                0x0000000002004d54                swiDelay
 .text.__libnds_gtod
                0x0000000002004d58       0x24 /opt/devkitpro/libnds/lib/libnds9.a(timeSupport.o)
                0x0000000002004d58                __libnds_gtod
 .text.__libc_init_array
                0x0000000002004d7c       0x54 /opt/devkitpro/devkitARM/lib/gcc/arm-none-eabi/7.1.0/../../../../arm-none-eabi/lib/thumb/libg.a(lib_a-init.o)
                0x0000000002004d7c                __libc_init_array
 .text.malloc   0x0000000002004dd0       0x14 /opt/devkitpro/devkitARM/lib/gcc/arm-none-eabi/7.1.0/../../../../arm-none-eabi/lib/thumb/libg.a(lib_a-malloc.o)
                0x0000000002004dd0                malloc
 .text.free     0x0000000002004de4       0x14 /opt/devkitpro/devkitARM/lib/gcc/arm-none-eabi/7.1.0/../../../../arm-none-eabi/lib/thumb/libg.a(lib_a-malloc.o)
                0x0000000002004de4                free
 .text._malloc_r
                0x0000000002004df8      0x56c /opt/devkitpro/devkitARM/lib/gcc/arm-none-eabi/7.1.0/../../../../arm-none-eabi/lib/thumb/libg.a(lib_a-mallocr.o)
                0x0000000002004df8                _malloc_r
 .text.memcpy   0x0000000002005364       0x8c /opt/devkitpro/devkitARM/lib/gcc/arm-none-eabi/7.1.0/../../../../arm-none-eabi/lib/thumb/libg.a(lib_a-memcpy-stub.o)
                0x0000000002005364                memcpy
 .text.memset   0x00000000020053f0       0xa4 /opt/devkitpro/devkitARM/lib/gcc/arm-none-eabi/7.1.0/../../../../arm-none-eabi/lib/thumb/libg.a(lib_a-memset.o)
                0x00000000020053f0                memset
 .text.__malloc_lock
                0x0000000002005494       0x14 /opt/devkitpro/devkitARM/lib/gcc/arm-none-eabi/7.1.0/../../../../arm-none-eabi/lib/thumb/libg.a(lib_a-mlock.o)
                0x0000000002005494                __malloc_lock
 .text.__malloc_unlock
                0x00000000020054a8       0x14 /opt/devkitpro/devkitARM/lib/gcc/arm-none-eabi/7.1.0/../../../../arm-none-eabi/lib/thumb/libg.a(lib_a-mlock.o)
                0x00000000020054a8                __malloc_unlock
 .text.printf   0x00000000020054bc       0x24 /opt/devkitpro/devkitARM/lib/gcc/arm-none-eabi/7.1.0/../../../../arm-none-eabi/lib/thumb/libg.a(lib_a-printf.o)
                0x00000000020054bc                printf
 .text.srand    0x00000000020054e0       0x18 /opt/devkitpro/devkitARM/lib/gcc/arm-none-eabi/7.1.0/../../../../arm-none-eabi/lib/thumb/libg.a(lib_a-rand.o)
                0x00000000020054e0                srand
 .text.rand     0x00000000020054f8       0x34 /opt/devkitpro/devkitARM/lib/gcc/arm-none-eabi/7.1.0/../../../../arm-none-eabi/lib/thumb/libg.a(lib_a-rand.o)
                0x00000000020054f8                rand
 .text.realloc  0x000000000200552c       0x18 /opt/devkitpro/devkitARM/lib/gcc/arm-none-eabi/7.1.0/../../../../arm-none-eabi/lib/thumb/libg.a(lib_a-realloc.o)
                0x000000000200552c                realloc
 .text._realloc_r
                0x0000000002005544      0x3c4 /opt/devkitpro/devkitARM/lib/gcc/arm-none-eabi/7.1.0/../../../../arm-none-eabi/lib/thumb/libg.a(lib_a-reallocr.o)
                0x0000000002005544                _realloc_r
 .text.setvbuf  0x0000000002005908      0x194 /opt/devkitpro/devkitARM/lib/gcc/arm-none-eabi/7.1.0/../../../../arm-none-eabi/lib/thumb/libg.a(lib_a-setvbuf.o)
                0x0000000002005908                setvbuf
 .text.siscanf  0x0000000002005a9c       0x4c /opt/devkitpro/devkitARM/lib/gcc/arm-none-eabi/7.1.0/../../../../arm-none-eabi/lib/thumb/libg.a(lib_a-siscanf.o)
                0x0000000002005a9c                siscanf
 .text.__sread  0x0000000002005ae8       0x34 /opt/devkitpro/devkitARM/lib/gcc/arm-none-eabi/7.1.0/../../../../arm-none-eabi/lib/thumb/libg.a(lib_a-stdio.o)
                0x0000000002005ae8                __sread
 .text.__seofread
                0x0000000002005b1c        0x4 /opt/devkitpro/devkitARM/lib/gcc/arm-none-eabi/7.1.0/../../../../arm-none-eabi/lib/thumb/libg.a(lib_a-stdio.o)
                0x0000000002005b1c                __seofread
 .text.__swrite
                0x0000000002005b20       0x48 /opt/devkitpro/devkitARM/lib/gcc/arm-none-eabi/7.1.0/../../../../arm-none-eabi/lib/thumb/libg.a(lib_a-stdio.o)
                0x0000000002005b20                __swrite
 .text.__sseek  0x0000000002005b68       0x40 /opt/devkitpro/devkitARM/lib/gcc/arm-none-eabi/7.1.0/../../../../arm-none-eabi/lib/thumb/libg.a(lib_a-stdio.o)
                0x0000000002005b68                __sseek
 .text.__sclose
                0x0000000002005ba8       0x10 /opt/devkitpro/devkitARM/lib/gcc/arm-none-eabi/7.1.0/../../../../arm-none-eabi/lib/thumb/libg.a(lib_a-stdio.o)
                0x0000000002005ba8                __sclose
 .text.strlen   0x0000000002005bb8       0x68 /opt/devkitpro/devkitARM/lib/gcc/arm-none-eabi/7.1.0/../../../../arm-none-eabi/lib/thumb/libg.a(lib_a-strlen-stub.o)
                0x0000000002005bb8                strlen
 .text._sungetc_r
                0x0000000002005c20       0x88 /opt/devkitpro/devkitARM/lib/gcc/arm-none-eabi/7.1.0/../../../../arm-none-eabi/lib/thumb/libg.a(lib_a-svfiscanf.o)
                0x0000000002005c20                _sungetc_r
 .text.__ssrefill_r
                0x0000000002005ca8       0x44 /opt/devkitpro/devkitARM/lib/gcc/arm-none-eabi/7.1.0/../../../../arm-none-eabi/lib/thumb/libg.a(lib_a-svfiscanf.o)
                0x0000000002005ca8                __ssrefill_r
 .text._sfread_r
                0x0000000002005cec       0x90 /opt/devkitpro/devkitARM/lib/gcc/arm-none-eabi/7.1.0/../../../../arm-none-eabi/lib/thumb/libg.a(lib_a-svfiscanf.o)
                0x0000000002005cec                _sfread_r
 .text.__ssvfiscanf_r
                0x0000000002005d7c     0x1344 /opt/devkitpro/devkitARM/lib/gcc/arm-none-eabi/7.1.0/../../../../arm-none-eabi/lib/thumb/libg.a(lib_a-svfiscanf.o)
                0x0000000002005d7c                __ssvfiscanf_r
 .text.time     0x00000000020070c0       0x2c /opt/devkitpro/devkitARM/lib/gcc/arm-none-eabi/7.1.0/../../../../arm-none-eabi/lib/thumb/libg.a(lib_a-time.o)
                0x00000000020070c0                time
 .text.__submore
                0x00000000020070ec       0x88 /opt/devkitpro/devkitARM/lib/gcc/arm-none-eabi/7.1.0/../../../../arm-none-eabi/lib/thumb/libg.a(lib_a-ungetc.o)
                0x00000000020070ec                __submore
 .text.__sprint_r.part.0
                0x0000000002007174       0x14 /opt/devkitpro/devkitARM/lib/gcc/arm-none-eabi/7.1.0/../../../../arm-none-eabi/lib/thumb/libg.a(lib_a-vfiprintf.o)
 .text.__sprint_r
                0x0000000002007188       0x18 /opt/devkitpro/devkitARM/lib/gcc/arm-none-eabi/7.1.0/../../../../arm-none-eabi/lib/thumb/libg.a(lib_a-vfiprintf.o)
                0x0000000002007188                __sprint_r
 .text.get_arg  0x00000000020071a0     0x3b24 /opt/devkitpro/devkitARM/lib/gcc/arm-none-eabi/7.1.0/../../../../arm-none-eabi/lib/thumb/libg.a(lib_a-vfprintf.o)
 .text._vfprintf_r
                0x000000000200acc4     0x2c48 /opt/devkitpro/devkitARM/lib/gcc/arm-none-eabi/7.1.0/../../../../arm-none-eabi/lib/thumb/libg.a(lib_a-vfprintf.o)
                0x000000000200acc4                _vfprintf_r
 .text.__sbprintf
                0x000000000200d90c       0x8c /opt/devkitpro/devkitARM/lib/gcc/arm-none-eabi/7.1.0/../../../../arm-none-eabi/lib/thumb/libg.a(lib_a-vfprintf.o)
 .text._wcrtomb_r
                0x000000000200d998       0x84 /opt/devkitpro/devkitARM/lib/gcc/arm-none-eabi/7.1.0/../../../../arm-none-eabi/lib/thumb/libg.a(lib_a-wcrtomb.o)
                0x000000000200d998                _wcrtomb_r
 .text._wcsrtombs_r
                0x000000000200da1c       0x1c /opt/devkitpro/devkitARM/lib/gcc/arm-none-eabi/7.1.0/../../../../arm-none-eabi/lib/thumb/libg.a(lib_a-wcsrtombs.o)
                0x000000000200da1c                _wcsrtombs_r
 .text.__swsetup_r
                0x000000000200da38       0xd8 /opt/devkitpro/devkitARM/lib/gcc/arm-none-eabi/7.1.0/../../../../arm-none-eabi/lib/thumb/libg.a(lib_a-wsetup.o)
                0x000000000200da38                __swsetup_r
 .text.quorem   0x000000000200db10      0x15c /opt/devkitpro/devkitARM/lib/gcc/arm-none-eabi/7.1.0/../../../../arm-none-eabi/lib/thumb/libg.a(lib_a-dtoa.o)
 .text._dtoa_r  0x000000000200dc6c      0xfc8 /opt/devkitpro/devkitARM/lib/gcc/arm-none-eabi/7.1.0/../../../../arm-none-eabi/lib/thumb/libg.a(lib_a-dtoa.o)
                0x000000000200dc6c                _dtoa_r
 .text.__sflush_r
                0x000000000200ec34      0x19c /opt/devkitpro/devkitARM/lib/gcc/arm-none-eabi/7.1.0/../../../../arm-none-eabi/lib/thumb/libg.a(lib_a-fflush.o)
                0x000000000200ec34                __sflush_r
 .text._fflush_r
                0x000000000200edd0       0x58 /opt/devkitpro/devkitARM/lib/gcc/arm-none-eabi/7.1.0/../../../../arm-none-eabi/lib/thumb/libg.a(lib_a-fflush.o)
                0x000000000200edd0                _fflush_r
 .text._cleanup_r
                0x000000000200ee28       0x14 /opt/devkitpro/devkitARM/lib/gcc/arm-none-eabi/7.1.0/../../../../arm-none-eabi/lib/thumb/libg.a(lib_a-findfp.o)
                0x000000000200ee28                _cleanup_r
 .text.std.isra.0
                0x000000000200ee3c       0x54 /opt/devkitpro/devkitARM/lib/gcc/arm-none-eabi/7.1.0/../../../../arm-none-eabi/lib/thumb/libg.a(lib_a-findfp.o)
 .text.__sinit  0x000000000200ee90       0x64 /opt/devkitpro/devkitARM/lib/gcc/arm-none-eabi/7.1.0/../../../../arm-none-eabi/lib/thumb/libg.a(lib_a-findfp.o)
                0x000000000200ee90                __sinit
 .text.__sfp_lock_acquire
                0x000000000200eef4       0x14 /opt/devkitpro/devkitARM/lib/gcc/arm-none-eabi/7.1.0/../../../../arm-none-eabi/lib/thumb/libg.a(lib_a-findfp.o)
                0x000000000200eef4                __sfp_lock_acquire
 .text.__sfp_lock_release
                0x000000000200ef08       0x14 /opt/devkitpro/devkitARM/lib/gcc/arm-none-eabi/7.1.0/../../../../arm-none-eabi/lib/thumb/libg.a(lib_a-findfp.o)
                0x000000000200ef08                __sfp_lock_release
 .text._malloc_trim_r
                0x000000000200ef1c       0xa4 /opt/devkitpro/devkitARM/lib/gcc/arm-none-eabi/7.1.0/../../../../arm-none-eabi/lib/thumb/libg.a(lib_a-freer.o)
                0x000000000200ef1c                _malloc_trim_r
 .text._free_r  0x000000000200efc0      0x1d8 /opt/devkitpro/devkitARM/lib/gcc/arm-none-eabi/7.1.0/../../../../arm-none-eabi/lib/thumb/libg.a(lib_a-freer.o)
                0x000000000200efc0                _free_r
 .text.__sfvwrite_r
                0x000000000200f198      0x328 /opt/devkitpro/devkitARM/lib/gcc/arm-none-eabi/7.1.0/../../../../arm-none-eabi/lib/thumb/libg.a(lib_a-fvwrite.o)
                0x000000000200f198                __sfvwrite_r
 .text._fwalk_reent
                0x000000000200f4c0       0x54 /opt/devkitpro/devkitARM/lib/gcc/arm-none-eabi/7.1.0/../../../../arm-none-eabi/lib/thumb/libg.a(lib_a-fwalk.o)
                0x000000000200f4c0                _fwalk_reent
 .text.iswspace
                0x000000000200f514       0x78 /opt/devkitpro/devkitARM/lib/gcc/arm-none-eabi/7.1.0/../../../../arm-none-eabi/lib/thumb/libg.a(lib_a-iswspace.o)
                0x000000000200f514                iswspace
 .text.__jp2uc  0x000000000200f58c      0x1a0 /opt/devkitpro/devkitARM/lib/gcc/arm-none-eabi/7.1.0/../../../../arm-none-eabi/lib/thumb/libg.a(lib_a-jp2uc.o)
 .text._jp2uc   0x000000000200f72c       0x8c /opt/devkitpro/devkitARM/lib/gcc/arm-none-eabi/7.1.0/../../../../arm-none-eabi/lib/thumb/libg.a(lib_a-jp2uc.o)
                0x000000000200f72c                _jp2uc
 .text._localeconv_r
                0x000000000200f7b8       0x1c /opt/devkitpro/devkitARM/lib/gcc/arm-none-eabi/7.1.0/../../../../arm-none-eabi/lib/thumb/libg.a(lib_a-localeconv.o)
                0x000000000200f7b8                _localeconv_r
 .text.__locale_mb_cur_max
                0x000000000200f7d4       0x20 /opt/devkitpro/devkitARM/lib/gcc/arm-none-eabi/7.1.0/../../../../arm-none-eabi/lib/thumb/libg.a(lib_a-locale.o)
                0x000000000200f7d4                __locale_mb_cur_max
 .text.__locale_ctype_ptr_l
                0x000000000200f7f4        0x8 /opt/devkitpro/devkitARM/lib/gcc/arm-none-eabi/7.1.0/../../../../arm-none-eabi/lib/thumb/libg.a(lib_a-locale.o)
                0x000000000200f7f4                __locale_ctype_ptr_l
 .text.__locale_ctype_ptr
                0x000000000200f7fc       0x1c /opt/devkitpro/devkitARM/lib/gcc/arm-none-eabi/7.1.0/../../../../arm-none-eabi/lib/thumb/libg.a(lib_a-locale.o)
                0x000000000200f7fc                __locale_ctype_ptr
 .text.__swhatbuf_r
                0x000000000200f818       0x64 /opt/devkitpro/devkitARM/lib/gcc/arm-none-eabi/7.1.0/../../../../arm-none-eabi/lib/thumb/libg.a(lib_a-makebuf.o)
                0x000000000200f818                __swhatbuf_r
 .text.__smakebuf_r
                0x000000000200f87c       0x98 /opt/devkitpro/devkitARM/lib/gcc/arm-none-eabi/7.1.0/../../../../arm-none-eabi/lib/thumb/libg.a(lib_a-makebuf.o)
                0x000000000200f87c                __smakebuf_r
 .text._mbrtowc_r
                0x000000000200f914       0x94 /opt/devkitpro/devkitARM/lib/gcc/arm-none-eabi/7.1.0/../../../../arm-none-eabi/lib/thumb/libg.a(lib_a-mbrtowc.o)
                0x000000000200f914                _mbrtowc_r
 .text.__utf8_mbtowc
                0x000000000200f9a8      0x28c /opt/devkitpro/devkitARM/lib/gcc/arm-none-eabi/7.1.0/../../../../arm-none-eabi/lib/thumb/libg.a(lib_a-mbtowc_r.o)
                0x000000000200f9a8                __utf8_mbtowc
 .text.memchr   0x000000000200fc34       0x84 /opt/devkitpro/devkitARM/lib/gcc/arm-none-eabi/7.1.0/../../../../arm-none-eabi/lib/thumb/libg.a(lib_a-memchr-stub.o)
                0x000000000200fc34                memchr
 .text.memmove  0x000000000200fcb8       0xa0 /opt/devkitpro/devkitARM/lib/gcc/arm-none-eabi/7.1.0/../../../../arm-none-eabi/lib/thumb/libg.a(lib_a-memmove.o)
                0x000000000200fcb8                memmove
 .text._Balloc  0x000000000200fd58       0x54 /opt/devkitpro/devkitARM/lib/gcc/arm-none-eabi/7.1.0/../../../../arm-none-eabi/lib/thumb/libg.a(lib_a-mprec.o)
                0x000000000200fd58                _Balloc
 .text._Bfree   0x000000000200fdac       0x14 /opt/devkitpro/devkitARM/lib/gcc/arm-none-eabi/7.1.0/../../../../arm-none-eabi/lib/thumb/libg.a(lib_a-mprec.o)
                0x000000000200fdac                _Bfree
 .text.__multadd
                0x000000000200fdc0       0x94 /opt/devkitpro/devkitARM/lib/gcc/arm-none-eabi/7.1.0/../../../../arm-none-eabi/lib/thumb/libg.a(lib_a-mprec.o)
                0x000000000200fdc0                __multadd
 .text.__hi0bits
                0x000000000200fe54       0x38 /opt/devkitpro/devkitARM/lib/gcc/arm-none-eabi/7.1.0/../../../../arm-none-eabi/lib/thumb/libg.a(lib_a-mprec.o)
                0x000000000200fe54                __hi0bits
 .text.__lo0bits
                0x000000000200fe8c       0x5c /opt/devkitpro/devkitARM/lib/gcc/arm-none-eabi/7.1.0/../../../../arm-none-eabi/lib/thumb/libg.a(lib_a-mprec.o)
                0x000000000200fe8c                __lo0bits
 .text.__i2b    0x000000000200fee8       0x18 /opt/devkitpro/devkitARM/lib/gcc/arm-none-eabi/7.1.0/../../../../arm-none-eabi/lib/thumb/libg.a(lib_a-mprec.o)
                0x000000000200fee8                __i2b
 .text.__multiply
                0x000000000200ff00      0x188 /opt/devkitpro/devkitARM/lib/gcc/arm-none-eabi/7.1.0/../../../../arm-none-eabi/lib/thumb/libg.a(lib_a-mprec.o)
                0x000000000200ff00                __multiply
 .text.__pow5mult
                0x0000000002010088       0xc4 /opt/devkitpro/devkitARM/lib/gcc/arm-none-eabi/7.1.0/../../../../arm-none-eabi/lib/thumb/libg.a(lib_a-mprec.o)
                0x0000000002010088                __pow5mult
 .text.__lshift
                0x000000000201014c       0xc4 /opt/devkitpro/devkitARM/lib/gcc/arm-none-eabi/7.1.0/../../../../arm-none-eabi/lib/thumb/libg.a(lib_a-mprec.o)
                0x000000000201014c                __lshift
 .text.__mcmp   0x0000000002010210       0x38 /opt/devkitpro/devkitARM/lib/gcc/arm-none-eabi/7.1.0/../../../../arm-none-eabi/lib/thumb/libg.a(lib_a-mprec.o)
                0x0000000002010210                __mcmp
 .text.__mdiff  0x0000000002010248      0x128 /opt/devkitpro/devkitARM/lib/gcc/arm-none-eabi/7.1.0/../../../../arm-none-eabi/lib/thumb/libg.a(lib_a-mprec.o)
                0x0000000002010248                __mdiff
 .text.__d2b    0x0000000002010370       0xc0 /opt/devkitpro/devkitARM/lib/gcc/arm-none-eabi/7.1.0/../../../../arm-none-eabi/lib/thumb/libg.a(lib_a-mprec.o)
                0x0000000002010370                __d2b
 .text.__sccl   0x0000000002010430       0x7c /opt/devkitpro/devkitARM/lib/gcc/arm-none-eabi/7.1.0/../../../../arm-none-eabi/lib/thumb/libg.a(lib_a-sccl.o)
                0x0000000002010430                __sccl
 .text.frexp    0x00000000020104ac       0x68 /opt/devkitpro/devkitARM/lib/gcc/arm-none-eabi/7.1.0/../../../../arm-none-eabi/lib/thumb/libg.a(lib_a-s_frexp.o)
                0x00000000020104ac                frexp
 .text.strncpy  0x0000000002010514       0x90 /opt/devkitpro/devkitARM/lib/gcc/arm-none-eabi/7.1.0/../../../../arm-none-eabi/lib/thumb/libg.a(lib_a-strncpy.o)
                0x0000000002010514                strncpy
 .text._strtoll_l.isra.0
                0x00000000020105a4      0x1bc /opt/devkitpro/devkitARM/lib/gcc/arm-none-eabi/7.1.0/../../../../arm-none-eabi/lib/thumb/libg.a(lib_a-strtoll.o)
 .text._strtoll_r
                0x0000000002010760       0x34 /opt/devkitpro/devkitARM/lib/gcc/arm-none-eabi/7.1.0/../../../../arm-none-eabi/lib/thumb/libg.a(lib_a-strtoll.o)
                0x0000000002010760                _strtoll_r
 .text._strtol_l.isra.0
                0x0000000002010794      0x140 /opt/devkitpro/devkitARM/lib/gcc/arm-none-eabi/7.1.0/../../../../arm-none-eabi/lib/thumb/libg.a(lib_a-strtol.o)
 .text._strtol_r
                0x00000000020108d4       0x34 /opt/devkitpro/devkitARM/lib/gcc/arm-none-eabi/7.1.0/../../../../arm-none-eabi/lib/thumb/libg.a(lib_a-strtol.o)
                0x00000000020108d4                _strtol_r
 .text._strtoull_l.isra.0
                0x0000000002010908      0x1c8 /opt/devkitpro/devkitARM/lib/gcc/arm-none-eabi/7.1.0/../../../../arm-none-eabi/lib/thumb/libg.a(lib_a-strtoull.o)
 .text._strtoull_r
                0x0000000002010ad0       0x34 /opt/devkitpro/devkitARM/lib/gcc/arm-none-eabi/7.1.0/../../../../arm-none-eabi/lib/thumb/libg.a(lib_a-strtoull.o)
                0x0000000002010ad0                _strtoull_r
 .text._strtoul_l.isra.0
                0x0000000002010b04      0x14c /opt/devkitpro/devkitARM/lib/gcc/arm-none-eabi/7.1.0/../../../../arm-none-eabi/lib/thumb/libg.a(lib_a-strtoul.o)
 .text._strtoul_r
                0x0000000002010c50       0x34 /opt/devkitpro/devkitARM/lib/gcc/arm-none-eabi/7.1.0/../../../../arm-none-eabi/lib/thumb/libg.a(lib_a-strtoul.o)
                0x0000000002010c50                _strtoul_r
 .text._wcsnrtombs_l
                0x0000000002010c84      0x110 /opt/devkitpro/devkitARM/lib/gcc/arm-none-eabi/7.1.0/../../../../arm-none-eabi/lib/thumb/libg.a(lib_a-wcsnrtombs.o)
                0x0000000002010c84                _wcsnrtombs_l
 .text._wcsnrtombs_r
                0x0000000002010d94       0x40 /opt/devkitpro/devkitARM/lib/gcc/arm-none-eabi/7.1.0/../../../../arm-none-eabi/lib/thumb/libg.a(lib_a-wcsnrtombs.o)
                0x0000000002010d94                _wcsnrtombs_r
 .text.__utf8_wctomb
                0x0000000002010dd4       0xbc /opt/devkitpro/devkitARM/lib/gcc/arm-none-eabi/7.1.0/../../../../arm-none-eabi/lib/thumb/libg.a(lib_a-wctomb_r.o)
                0x0000000002010dd4                __utf8_wctomb
 .text._calloc_r
                0x0000000002010e90       0x60 /opt/devkitpro/devkitARM/lib/gcc/arm-none-eabi/7.1.0/../../../../arm-none-eabi/lib/thumb/libg.a(lib_a-callocr.o)
                0x0000000002010e90                _calloc_r
 .text._fclose_r
                0x0000000002010ef0       0xe0 /opt/devkitpro/devkitARM/lib/gcc/arm-none-eabi/7.1.0/../../../../arm-none-eabi/lib/thumb/libg.a(lib_a-fclose.o)
                0x0000000002010ef0                _fclose_r
 .text.null_write
                0x0000000002010fd0        0x4 /opt/devkitpro/devkitARM/lib/gcc/arm-none-eabi/7.1.0/../../../../arm-none-eabi/lib/thumb/libsysbase.a(iosupport.o)
 .text._close_r
                0x0000000002010fd4       0x5c /opt/devkitpro/devkitARM/lib/gcc/arm-none-eabi/7.1.0/../../../../arm-none-eabi/lib/thumb/libsysbase.a(close.o)
                0x0000000002010fd4                _close_r
 .text._fstat_r
                0x0000000002011030       0x4c /opt/devkitpro/devkitARM/lib/gcc/arm-none-eabi/7.1.0/../../../../arm-none-eabi/lib/thumb/libsysbase.a(fstat.o)
                0x0000000002011030                _fstat_r
 .text._gettimeofday_r
                0x000000000201107c       0x28 /opt/devkitpro/devkitARM/lib/gcc/arm-none-eabi/7.1.0/../../../../arm-none-eabi/lib/thumb/libsysbase.a(gettod.o)
                0x000000000201107c                _gettimeofday_r
 .text._isatty_r
                0x00000000020110a4        0x4 /opt/devkitpro/devkitARM/lib/gcc/arm-none-eabi/7.1.0/../../../../arm-none-eabi/lib/thumb/libsysbase.a(isatty.o)
                0x00000000020110a4                _isatty_r
 .text._lseek_r
                0x00000000020110a8       0x5c /opt/devkitpro/devkitARM/lib/gcc/arm-none-eabi/7.1.0/../../../../arm-none-eabi/lib/thumb/libsysbase.a(lseek.o)
                0x00000000020110a8                _lseek_r
 .text._read_r  0x0000000002011104       0x50 /opt/devkitpro/devkitARM/lib/gcc/arm-none-eabi/7.1.0/../../../../arm-none-eabi/lib/thumb/libsysbase.a(read.o)
                0x0000000002011104                _read_r
 .text._sbrk_r  0x0000000002011154       0x54 /opt/devkitpro/devkitARM/lib/gcc/arm-none-eabi/7.1.0/../../../../arm-none-eabi/lib/thumb/libsysbase.a(sbrk.o)
                0x0000000002011154                _sbrk_r
 .text._write_r
                0x00000000020111a8       0x50 /opt/devkitpro/devkitARM/lib/gcc/arm-none-eabi/7.1.0/../../../../arm-none-eabi/lib/thumb/libsysbase.a(write.o)
                0x00000000020111a8                _write_r
 .text.build_argv
                0x00000000020111f8       0x4c /opt/devkitpro/devkitARM/lib/gcc/arm-none-eabi/7.1.0/../../../../arm-none-eabi/lib/thumb/libsysbase.a(build_argv.o)
                0x00000000020111f8                build_argv
 .text.__flockfile
                0x0000000002011244       0x10 /opt/devkitpro/devkitARM/lib/gcc/arm-none-eabi/7.1.0/../../../../arm-none-eabi/lib/thumb/libsysbase.a(flock.o)
                0x0000000002011244                __flockfile
 .text.__funlockfile
                0x0000000002011254       0x10 /opt/devkitpro/devkitARM/lib/gcc/arm-none-eabi/7.1.0/../../../../arm-none-eabi/lib/thumb/libsysbase.a(flock.o)
                0x0000000002011254                __funlockfile
 .text.__libc_lock_acquire
                0x0000000002011264       0x1c /opt/devkitpro/devkitARM/lib/gcc/arm-none-eabi/7.1.0/../../../../arm-none-eabi/lib/thumb/libsysbase.a(syscall_support.o)
                0x0000000002011264                __libc_lock_acquire
 .text.__libc_lock_release
                0x0000000002011280       0x1c /opt/devkitpro/devkitARM/lib/gcc/arm-none-eabi/7.1.0/../../../../arm-none-eabi/lib/thumb/libsysbase.a(syscall_support.o)
                0x0000000002011280                __libc_lock_release
 .text.__libc_lock_init_recursive
                0x000000000201129c       0x1c /opt/devkitpro/devkitARM/lib/gcc/arm-none-eabi/7.1.0/../../../../arm-none-eabi/lib/thumb/libsysbase.a(syscall_support.o)
                0x000000000201129c                __libc_lock_init_recursive
 .text.__libc_lock_acquire_recursive
                0x00000000020112b8       0x1c /opt/devkitpro/devkitARM/lib/gcc/arm-none-eabi/7.1.0/../../../../arm-none-eabi/lib/thumb/libsysbase.a(syscall_support.o)
                0x00000000020112b8                __libc_lock_acquire_recursive
 .text.__libc_lock_release_recursive
                0x00000000020112d4       0x1c /opt/devkitpro/devkitARM/lib/gcc/arm-none-eabi/7.1.0/../../../../arm-none-eabi/lib/thumb/libsysbase.a(syscall_support.o)
                0x00000000020112d4                __libc_lock_release_recursive
 .text.__libc_lock_close_recursive
                0x00000000020112f0       0x1c /opt/devkitpro/devkitARM/lib/gcc/arm-none-eabi/7.1.0/../../../../arm-none-eabi/lib/thumb/libsysbase.a(syscall_support.o)
                0x00000000020112f0                __libc_lock_close_recursive
 .text.__release_handle
                0x000000000201130c       0x6c /opt/devkitpro/devkitARM/lib/gcc/arm-none-eabi/7.1.0/../../../../arm-none-eabi/lib/thumb/libsysbase.a(handle_manager.o)
                0x000000000201130c                __release_handle
 .text.__get_handle
                0x0000000002011378       0x1c /opt/devkitpro/devkitARM/lib/gcc/arm-none-eabi/7.1.0/../../../../arm-none-eabi/lib/thumb/libsysbase.a(handle_manager.o)
                0x0000000002011378                __get_handle
 .text.__getreent
                0x0000000002011394       0x28 /opt/devkitpro/devkitARM/lib/gcc/arm-none-eabi/7.1.0/../../../../arm-none-eabi/lib/thumb/libsysbase.a(getreent.o)
                0x0000000002011394                __getreent
 .text.__muldi3
                0x00000000020113bc       0x60 /opt/devkitpro/devkitARM/lib/gcc/arm-none-eabi/7.1.0/thumb/libgcc.a(_muldi3.o)
                0x00000000020113bc                __aeabi_lmul
                0x00000000020113bc                __muldi3
 .text.__udivmoddi4
                0x000000000201141c      0x188 /opt/devkitpro/devkitARM/lib/gcc/arm-none-eabi/7.1.0/thumb/libgcc.a(_udivmoddi4.o)
                0x000000000201141c                __udivmoddi4
 *fill*         0x00000000020115a4        0x4 ff
 .text.__udivmoddi4.__stub
                0x00000000020115a8      0x100 linker stubs
 *(EXCLUDE_FILE(*.twl*) .gnu.warning)
 *(EXCLUDE_FILE(*.twl*) .gnu.linkonce.t*)
 *(.glue_7)
 .glue_7        0x00000000020116b8        0x0 linker stubs
 *(.glue_7t)
 .glue_7t       0x00000000020116b8        0x0 linker stubs
                0x00000000020116b8                . = ALIGN (0x4)

.vfp11_veneer   0x00000000020116b8        0x0
 .vfp11_veneer  0x00000000020116b8        0x0 linker stubs

.v4_bx          0x00000000020116b8        0x0
 .v4_bx         0x00000000020116b8        0x0 linker stubs

.iplt           0x00000000020116b8        0x0
 .iplt          0x00000000020116b8        0x0 /opt/devkitpro/devkitARM/lib/gcc/arm-none-eabi/7.1.0/../../../../arm-none-eabi/lib/thumb/ds_arm9_crt0.o

.fini           0x00000000020116b8        0xc
 *(.fini)
 .fini          0x00000000020116b8        0x4 /opt/devkitpro/devkitARM/lib/gcc/arm-none-eabi/7.1.0/thumb/crti.o
                0x00000000020116b8                _fini
 .fini          0x00000000020116bc        0x8 /opt/devkitpro/devkitARM/lib/gcc/arm-none-eabi/7.1.0/thumb/crtn.o
                0x00000000020116c4                __text_end = .

.rodata         0x00000000020116c8    0x232f0
 *(EXCLUDE_FILE(*.twl*) .rodata)
 .rodata        0x00000000020116c8    0x18000 Fondo.o
                0x00000000020116c8                FondoBitmap
 .rodata        0x00000000020296c8     0x2004 /opt/devkitpro/libnds/lib/libnds9.a(default_font.bin.o)
                0x00000000020296c8                default_font_bin
                0x000000000202b6c8                default_font_bin_end
                0x000000000202b6c8                default_font_bin_size
 *all.rodata*(*)
 *(EXCLUDE_FILE(*.twl*) .roda)
 *(EXCLUDE_FILE(*.twl*) .rodata.*)
 .rodata.str1.4
                0x000000000202b6cc      0x219 main.o
 .rodata.str1.4
                0x000000000202b8e5        0xd temporizadores.o
 *fill*         0x000000000202b8e5        0x3 ff
 .rodata.SIN_LUT
                0x000000000202b8e8      0x102 /opt/devkitpro/libnds/lib/libnds9.a(trig.o)
                0x000000000202b8e8                SIN_LUT
 *fill*         0x000000000202b9ea        0x2 ff
 .rodata.con_write
                0x000000000202b9ec       0xd4 /opt/devkitpro/libnds/lib/libnds9.a(console.o)
 .rodata.con_write.str1.4
                0x000000000202bac0       0x30 /opt/devkitpro/libnds/lib/libnds9.a(console.o)
 .rodata.dotab_stdout
                0x000000000202baf0       0x68 /opt/devkitpro/libnds/lib/libnds9.a(console.o)
 .rodata.str1.4
                0x000000000202bb58       0x14 /opt/devkitpro/libnds/lib/libnds9.a(console.o)
 .rodata.__ssvfiscanf_r
                0x000000000202bb6c      0x324 /opt/devkitpro/devkitARM/lib/gcc/arm-none-eabi/7.1.0/../../../../arm-none-eabi/lib/thumb/libg.a(lib_a-svfiscanf.o)
 .rodata.basefix.6821
                0x000000000202be90       0x22 /opt/devkitpro/devkitARM/lib/gcc/arm-none-eabi/7.1.0/../../../../arm-none-eabi/lib/thumb/libg.a(lib_a-svfiscanf.o)
 *fill*         0x000000000202beb2        0x2 ff
 .rodata.get_arg
                0x000000000202beb4     0x4f8c /opt/devkitpro/devkitARM/lib/gcc/arm-none-eabi/7.1.0/../../../../arm-none-eabi/lib/thumb/libg.a(lib_a-vfprintf.o)
 .rodata._vfprintf_r
                0x0000000002030e40      0x16c /opt/devkitpro/devkitARM/lib/gcc/arm-none-eabi/7.1.0/../../../../arm-none-eabi/lib/thumb/libg.a(lib_a-vfprintf.o)
 .rodata._vfprintf_r.str1.4
                0x0000000002030fac       0x42 /opt/devkitpro/devkitARM/lib/gcc/arm-none-eabi/7.1.0/../../../../arm-none-eabi/lib/thumb/libg.a(lib_a-vfprintf.o)
 *fill*         0x0000000002030fee        0x2 ff
 .rodata.blanks.7302
                0x0000000002030ff0       0x10 /opt/devkitpro/devkitARM/lib/gcc/arm-none-eabi/7.1.0/../../../../arm-none-eabi/lib/thumb/libg.a(lib_a-vfprintf.o)
 .rodata.zeroes.7303
                0x0000000002031000       0x10 /opt/devkitpro/devkitARM/lib/gcc/arm-none-eabi/7.1.0/../../../../arm-none-eabi/lib/thumb/libg.a(lib_a-vfprintf.o)
 .rodata._dtoa_r.str1.4
                0x0000000002031010       0x10 /opt/devkitpro/devkitARM/lib/gcc/arm-none-eabi/7.1.0/../../../../arm-none-eabi/lib/thumb/libg.a(lib_a-dtoa.o)
                                         0x12 (size before relaxing)
 .rodata.__jp2uc
                0x0000000002031020       0x20 /opt/devkitpro/devkitARM/lib/gcc/arm-none-eabi/7.1.0/../../../../arm-none-eabi/lib/thumb/libg.a(lib_a-jp2uc.o)
 .rodata._jp2uc.str1.4
                0x0000000002031040       0x12 /opt/devkitpro/devkitARM/lib/gcc/arm-none-eabi/7.1.0/../../../../arm-none-eabi/lib/thumb/libg.a(lib_a-jp2uc.o)
 *fill*         0x0000000002031052        0x2 ff
 .rodata.a1     0x0000000002031054       0xbc /opt/devkitpro/devkitARM/lib/gcc/arm-none-eabi/7.1.0/../../../../arm-none-eabi/lib/thumb/libg.a(lib_a-jp2uc.o)
 .rodata.a2     0x0000000002031110       0xbc /opt/devkitpro/devkitARM/lib/gcc/arm-none-eabi/7.1.0/../../../../arm-none-eabi/lib/thumb/libg.a(lib_a-jp2uc.o)
 .rodata.a3     0x00000000020311cc       0x5b /opt/devkitpro/devkitARM/lib/gcc/arm-none-eabi/7.1.0/../../../../arm-none-eabi/lib/thumb/libg.a(lib_a-jp2uc.o)
 *fill*         0x0000000002031227        0x1 ff
 .rodata.a6     0x0000000002031228       0x70 /opt/devkitpro/devkitARM/lib/gcc/arm-none-eabi/7.1.0/../../../../arm-none-eabi/lib/thumb/libg.a(lib_a-jp2uc.o)
 .rodata.a7     0x0000000002031298       0xa2 /opt/devkitpro/devkitARM/lib/gcc/arm-none-eabi/7.1.0/../../../../arm-none-eabi/lib/thumb/libg.a(lib_a-jp2uc.o)
 *fill*         0x000000000203133a        0x2 ff
 .rodata.a8     0x000000000203133c       0x40 /opt/devkitpro/devkitARM/lib/gcc/arm-none-eabi/7.1.0/../../../../arm-none-eabi/lib/thumb/libg.a(lib_a-jp2uc.o)
 .rodata.b02cf  0x000000000203137c     0x172a /opt/devkitpro/devkitARM/lib/gcc/arm-none-eabi/7.1.0/../../../../arm-none-eabi/lib/thumb/libg.a(lib_a-jp2uc.o)
 *fill*         0x0000000002032aa6        0x2 ff
 .rodata.d02f4  0x0000000002032aa8     0x1a7c /opt/devkitpro/devkitARM/lib/gcc/arm-none-eabi/7.1.0/../../../../arm-none-eabi/lib/thumb/libg.a(lib_a-jp2uc.o)
 .rodata.str1.4
                0x0000000002034524       0x48 /opt/devkitpro/devkitARM/lib/gcc/arm-none-eabi/7.1.0/../../../../arm-none-eabi/lib/thumb/libg.a(lib_a-locale.o)
                                         0x4c (size before relaxing)
 .rodata._mbrtowc_r.str1.4
                0x000000000203456c        0x1 /opt/devkitpro/devkitARM/lib/gcc/arm-none-eabi/7.1.0/../../../../arm-none-eabi/lib/thumb/libg.a(lib_a-mbrtowc.o)
 *fill*         0x000000000203456c        0x4 ff
 .rodata.__mprec_bigtens
                0x0000000002034570       0x28 /opt/devkitpro/devkitARM/lib/gcc/arm-none-eabi/7.1.0/../../../../arm-none-eabi/lib/thumb/libg.a(lib_a-mprec.o)
                0x0000000002034570                __mprec_bigtens
 .rodata.__mprec_tens
                0x0000000002034598       0xc8 /opt/devkitpro/devkitARM/lib/gcc/arm-none-eabi/7.1.0/../../../../arm-none-eabi/lib/thumb/libg.a(lib_a-mprec.o)
                0x0000000002034598                __mprec_tens
 .rodata.p05.6078
                0x0000000002034660        0xc /opt/devkitpro/devkitARM/lib/gcc/arm-none-eabi/7.1.0/../../../../arm-none-eabi/lib/thumb/libg.a(lib_a-mprec.o)
 .rodata.__action_table
                0x000000000203466c       0x6c /opt/devkitpro/devkitARM/lib/gcc/arm-none-eabi/7.1.0/../../../../arm-none-eabi/lib/thumb/libg.a(lib_a-svfiprintf.o)
                0x000000000203466c                __action_table
 .rodata.__chclass
                0x00000000020346d8      0x100 /opt/devkitpro/devkitARM/lib/gcc/arm-none-eabi/7.1.0/../../../../arm-none-eabi/lib/thumb/libg.a(lib_a-svfiprintf.o)
                0x00000000020346d8                __chclass
 .rodata.__state_table
                0x00000000020347d8       0x6c /opt/devkitpro/devkitARM/lib/gcc/arm-none-eabi/7.1.0/../../../../arm-none-eabi/lib/thumb/libg.a(lib_a-svfiprintf.o)
                0x00000000020347d8                __state_table
 .rodata._ctype_
                0x0000000002034844      0x101 /opt/devkitpro/devkitARM/lib/gcc/arm-none-eabi/7.1.0/../../../../arm-none-eabi/lib/thumb/libg.a(lib_a-ctype_.o)
                0x0000000002034844                _ctype_
 *fill*         0x0000000002034945        0x3 ff
 .rodata.AddDevice.str1.4
                0x0000000002034948        0x8 /opt/devkitpro/devkitARM/lib/gcc/arm-none-eabi/7.1.0/../../../../arm-none-eabi/lib/thumb/libsysbase.a(iosupport.o)
 .rodata.dotab_stdnull
                0x0000000002034950       0x68 /opt/devkitpro/devkitARM/lib/gcc/arm-none-eabi/7.1.0/../../../../arm-none-eabi/lib/thumb/libsysbase.a(iosupport.o)
                0x0000000002034950                dotab_stdnull
 *(EXCLUDE_FILE(*.twl*) .gnu.linkonce.r*)
                0x00000000020349b8                . = ALIGN (0x4)

.ARM.extab
 *(.ARM.extab* .gnu.linkonce.armextab.*)
                0x00000000020349b8                __exidx_start = .

ARM.exidx
 *(.ARM.exidx* .gnu.linkonce.armexidx.*)
                0x00000000020349b8                __exidx_end = .
                0x00000000020349b8                . = ALIGN (0x4)
                0x00000000020349b8                PROVIDE (__preinit_array_start, .)

.preinit_array
 *(.preinit_array)
                0x00000000020349b8                PROVIDE (__preinit_array_end, .)
                0x00000000020349b8                PROVIDE (__init_array_start, .)

.init_array     0x00000000020349b8        0x4
 *(SORT(.init_array.*))
 *(.init_array)
 .init_array    0x00000000020349b8        0x4 /opt/devkitpro/devkitARM/lib/gcc/arm-none-eabi/7.1.0/thumb/crtbegin.o
                0x00000000020349bc                PROVIDE (__init_array_end, .)
                [!provide]                        PROVIDE (__fini_array_start, .)

.fini_array     0x00000000020349bc        0x4
 *(.fini_array)
 .fini_array    0x00000000020349bc        0x4 /opt/devkitpro/devkitARM/lib/gcc/arm-none-eabi/7.1.0/thumb/crtbegin.o
 *(SORT(.fini_array.*))
                [!provide]                        PROVIDE (__fini_array_end, .)

.ctors          0x00000000020349c0        0x0
 *crtbegin.o(.ctors)
 *(EXCLUDE_FILE(*crtend.o) .ctors)
 *(SORT(.ctors.*))
 *(.ctors)
                0x00000000020349c0                . = ALIGN (0x4)

.dtors          0x00000000020349c0        0x0
 *crtbegin.o(.dtors)
 *(EXCLUDE_FILE(*crtend.o) .dtors)
 *(SORT(.dtors.*))
 *(.dtors)
                0x00000000020349c0                . = ALIGN (0x4)

.eh_frame       0x00000000020349c0        0x4
 *(.eh_frame)
 .eh_frame      0x00000000020349c0        0x0 /opt/devkitpro/devkitARM/lib/gcc/arm-none-eabi/7.1.0/thumb/crtbegin.o
 .eh_frame      0x00000000020349c0        0x4 /opt/devkitpro/devkitARM/lib/gcc/arm-none-eabi/7.1.0/thumb/crtend.o
                0x00000000020349c4                . = ALIGN (0x4)

.rel.dyn        0x00000000020349c4        0x0
 .rel.iplt      0x00000000020349c4        0x0 /opt/devkitpro/devkitARM/lib/gcc/arm-none-eabi/7.1.0/../../../../arm-none-eabi/lib/thumb/ds_arm9_crt0.o

.gcc_except_table
                0x00000000020349c4        0x0
 *(.gcc_except_table)
                0x00000000020349c4                . = ALIGN (0x4)

.jcr
 *(.jcr)

.got
 *(.got.plt)
 *(.got)
 *(.rel.got)

.ewram          0x00000000020349c4        0x0
                0x00000000020349c4                __ewram_start = ABSOLUTE (.)
 *(.ewram)
 *ewram.*(.text)
                0x00000000020349c4                . = ALIGN (0x4)

.data           0x00000000020349c4     0x2048
                0x00000000020349c4                __data_start = ABSOLUTE (.)
 *(EXCLUDE_FILE(*.twl*) .data)
 .data          0x00000000020349c4      0x400 sprites.o
                0x00000000020349c4                BilleteSucio
                0x0000000002034ac4                Billete
                0x0000000002034bc4                Maletin
                0x0000000002034cc4                Sobre
 .data          0x0000000002034dc4       0xac main.o
                0x0000000002034dc4                pos_sobre
                0x0000000002034dc8                velocidad_billete
                0x0000000002034dcc                tecla
                0x0000000002034dd0                billetes
 .data          0x0000000002034e70       0x28 /opt/devkitpro/libnds/lib/libnds9.a(mpu_setup.o)
 *(EXCLUDE_FILE(*.twl*) .data.*)
 .data.oamMain  0x0000000002034e98       0x18 /opt/devkitpro/libnds/lib/libnds9.a(sprite.o)
                0x0000000002034e98                oamMain
 .data.oamSub   0x0000000002034eb0       0x18 /opt/devkitpro/libnds/lib/libnds9.a(sprite.o)
                0x0000000002034eb0                oamSub
 .data.currentConsole
                0x0000000002034ec8        0x4 /opt/devkitpro/libnds/lib/libnds9.a(console.o)
                0x0000000002034ec8                currentConsole
 .data.defaultConsole
                0x0000000002034ecc       0x5c /opt/devkitpro/libnds/lib/libnds9.a(console.o)
                0x0000000002034ecc                defaultConsole
 .data.firstConsoleInit.6490
                0x0000000002034f28        0x1 /opt/devkitpro/libnds/lib/libnds9.a(console.o)
 *fill*         0x0000000002034f29        0x3 ff
 .data.bgControl
                0x0000000002034f2c       0x20 /opt/devkitpro/libnds/lib/libnds9.a(background.o)
                0x0000000002034f2c                bgControl
 .data.bgScrollTable
                0x0000000002034f4c       0x20 /opt/devkitpro/libnds/lib/libnds9.a(background.o)
                0x0000000002034f4c                bgScrollTable
 .data.bgTransform
                0x0000000002034f6c       0x20 /opt/devkitpro/libnds/lib/libnds9.a(background.o)
                0x0000000002034f6c                bgTransform
 .data.fifo_buffer_free
                0x0000000002034f8c        0x4 /opt/devkitpro/libnds/lib/libnds9.a(fifosystem.o)
                0x0000000002034f8c                fifo_buffer_free
 .data.fifo_freewords
                0x0000000002034f90        0x4 /opt/devkitpro/libnds/lib/libnds9.a(fifosystem.o)
                0x0000000002034f90                fifo_freewords
 .data.fifo_receive_queue
                0x0000000002034f94        0x4 /opt/devkitpro/libnds/lib/libnds9.a(fifosystem.o)
                0x0000000002034f94                fifo_receive_queue
 .data.fifo_send_queue
                0x0000000002034f98        0x4 /opt/devkitpro/libnds/lib/libnds9.a(fifosystem.o)
                0x0000000002034f98                fifo_send_queue
 .data.__malloc_av_
                0x0000000002034f9c      0x408 /opt/devkitpro/devkitARM/lib/gcc/arm-none-eabi/7.1.0/../../../../arm-none-eabi/lib/thumb/libg.a(lib_a-mallocr.o)
                0x0000000002034f9c                __malloc_av_
 .data.__malloc_sbrk_base
                0x00000000020353a4        0x4 /opt/devkitpro/devkitARM/lib/gcc/arm-none-eabi/7.1.0/../../../../arm-none-eabi/lib/thumb/libg.a(lib_a-mallocr.o)
                0x00000000020353a4                __malloc_sbrk_base
 .data.__malloc_trim_threshold
                0x00000000020353a8        0x4 /opt/devkitpro/devkitARM/lib/gcc/arm-none-eabi/7.1.0/../../../../arm-none-eabi/lib/thumb/libg.a(lib_a-mallocr.o)
                0x00000000020353a8                __malloc_trim_threshold
 .data.__malloc_lock_object
                0x00000000020353ac        0xc /opt/devkitpro/devkitARM/lib/gcc/arm-none-eabi/7.1.0/../../../../arm-none-eabi/lib/thumb/libg.a(lib_a-mlock.o)
 .data.__sfp_lock
                0x00000000020353b8        0xc /opt/devkitpro/devkitARM/lib/gcc/arm-none-eabi/7.1.0/../../../../arm-none-eabi/lib/thumb/libg.a(lib_a-findfp.o)
 .data.__sinit_lock
                0x00000000020353c4        0xc /opt/devkitpro/devkitARM/lib/gcc/arm-none-eabi/7.1.0/../../../../arm-none-eabi/lib/thumb/libg.a(lib_a-findfp.o)
 .data._impure_ptr
                0x00000000020353d0        0x4 /opt/devkitpro/devkitARM/lib/gcc/arm-none-eabi/7.1.0/../../../../arm-none-eabi/lib/thumb/libg.a(lib_a-impure.o)
                0x00000000020353d0                _impure_ptr
 *fill*         0x00000000020353d4        0x4 ff
 .data.impure_data
                0x00000000020353d8      0x460 /opt/devkitpro/devkitARM/lib/gcc/arm-none-eabi/7.1.0/../../../../arm-none-eabi/lib/thumb/libg.a(lib_a-impure.o)
 .data.__global_locale
                0x0000000002035838      0x16c /opt/devkitpro/devkitARM/lib/gcc/arm-none-eabi/7.1.0/../../../../arm-none-eabi/lib/thumb/libg.a(lib_a-locale.o)
                0x0000000002035838                __global_locale
 .data.devoptab_list
                0x00000000020359a4       0x40 /opt/devkitpro/devkitARM/lib/gcc/arm-none-eabi/7.1.0/../../../../arm-none-eabi/lib/thumb/libsysbase.a(iosupport.o)
                0x00000000020359a4                devoptab_list
 .data.__hndl_lock
                0x00000000020359e4        0x4 /opt/devkitpro/devkitARM/lib/gcc/arm-none-eabi/7.1.0/../../../../arm-none-eabi/lib/thumb/libsysbase.a(handle_manager.o)
 .data.__stderr_handle
                0x00000000020359e8        0xc /opt/devkitpro/devkitARM/lib/gcc/arm-none-eabi/7.1.0/../../../../arm-none-eabi/lib/thumb/libsysbase.a(handle_manager.o)
 .data.__stdin_handle
                0x00000000020359f4        0xc /opt/devkitpro/devkitARM/lib/gcc/arm-none-eabi/7.1.0/../../../../arm-none-eabi/lib/thumb/libsysbase.a(handle_manager.o)
 .data.__stdout_handle
                0x0000000002035a00        0xc /opt/devkitpro/devkitARM/lib/gcc/arm-none-eabi/7.1.0/../../../../arm-none-eabi/lib/thumb/libsysbase.a(handle_manager.o)
 .data.handles  0x0000000002035a0c     0x1000 /opt/devkitpro/devkitARM/lib/gcc/arm-none-eabi/7.1.0/../../../../arm-none-eabi/lib/thumb/libsysbase.a(handle_manager.o)
 *(EXCLUDE_FILE(*.twl*) .gnu.linkonce.d*)
                0x0000000002036a0c                . = ALIGN (0x4)
                0x0000000002036a0c                __data_end = ABSOLUTE (.)
                0x0000000002036a0c                __bss_vma = .

.igot.plt       0x0000000002036a0c        0x0
 .igot.plt      0x0000000002036a0c        0x0 /opt/devkitpro/devkitARM/lib/gcc/arm-none-eabi/7.1.0/../../../../arm-none-eabi/lib/thumb/ds_arm9_crt0.o

.tm_clone_table
                0x0000000002036a0c        0x0
 .tm_clone_table
                0x0000000002036a0c        0x0 /opt/devkitpro/devkitARM/lib/gcc/arm-none-eabi/7.1.0/thumb/crtbegin.o
 .tm_clone_table
                0x0000000002036a0c        0x0 /opt/devkitpro/devkitARM/lib/gcc/arm-none-eabi/7.1.0/thumb/crtend.o

.dtcm           0x000000000b000000        0x0 load address 0x0000000002036a0c
                0x0000000002036a0c                __dtcm_lma = LOADADDR (.dtcm)
                0x000000000b000000                __dtcm_start = ABSOLUTE (.)
 *(.dtcm)
 *(.dtcm.*)
                0x000000000b000000                . = ALIGN (0x4)
                0x000000000b000000                __dtcm_end = ABSOLUTE (.)

.itcm           0x0000000001000100      0x194 load address 0x0000000002036a0c
                0x0000000002036a0c                __itcm_lma = LOADADDR (.itcm)
                0x0000000001000100                __itcm_start = ABSOLUTE (.)
 *(.itcm)
 .itcm          0x0000000001000100       0xc8 /opt/devkitpro/libnds/lib/libnds9.a(interrupts.o)
                0x0000000001000100                irqTable
 .itcm          0x00000000010001c8       0xcc /opt/devkitpro/libnds/lib/libnds9.a(interruptDispatcher.o)
                0x00000000010001c8                IntrMain
 *.itcm*(.text .stub .text.*)
                0x0000000001000294                . = ALIGN (0x4)
                0x0000000001000294                __itcm_end = ABSOLUTE (.)

.vectors        0x0000000001000000        0x0 load address 0x0000000002036ba0
                0x0000000002036ba0                __vectors_lma = LOADADDR (.vectors)
                0x0000000001000000                __vectors_start = ABSOLUTE (.)
 *(.vectors)
 *.vectors*(.text .stub .text.*)
                0x0000000001000000                . = ALIGN (0x4)
                0x0000000001000000                __vectors_end = ABSOLUTE (.)

.sbss           0x000000000b000000        0x0
                0x000000000b000000                __sbss_start = ABSOLUTE (.)
                0x000000000b000000                __sbss_start__ = ABSOLUTE (.)
 *(.sbss)
                0x000000000b000000                . = ALIGN (0x4)
                0x000000000b000000                __sbss_end = ABSOLUTE (.)

.bss            0x0000000002036a0c     0x14c0
                0x0000000002036a0c                __bss_start = ABSOLUTE (.)
                0x0000000002036a0c                __bss_start__ = ABSOLUTE (.)
 *(EXCLUDE_FILE(*.twl*) .dynbss)
 *(EXCLUDE_FILE(*.twl*) .gnu.linkonce.b*)
 *(EXCLUDE_FILE(*.twl*) .bss*)
 .bss.completed.6484
                0x0000000002036a0c        0x1 /opt/devkitpro/devkitARM/lib/gcc/arm-none-eabi/7.1.0/thumb/crtbegin.o
 *fill*         0x0000000002036a0d        0x3 
 .bss.object.6489
                0x0000000002036a10       0x18 /opt/devkitpro/devkitARM/lib/gcc/arm-none-eabi/7.1.0/thumb/crtbegin.o
 .bss           0x0000000002036a28       0x14 main.o
                0x0000000002036a28                billetes_cogidos
                0x0000000002036a2c                billetes_perdidos
                0x0000000002036a30                flags
                0x0000000002036a34                estado
                0x0000000002036a38                timer_partida
 .bss           0x0000000002036a3c        0xc temporizadores.o
                0x0000000002036a3c                tic
                0x0000000002036a40                temp_billete
                0x0000000002036a44                sec
 .bss.SDcallback
                0x0000000002036a48        0x4 /opt/devkitpro/libnds/lib/libnds9.a(system.o)
 .bss.__timeout
                0x0000000002036a4c        0x4 /opt/devkitpro/libnds/lib/libnds9.a(fifosystem.o)
 .bss.processing
                0x0000000002036a50        0x4 /opt/devkitpro/libnds/lib/libnds9.a(fifosystem.o)
                0x0000000002036a50                processing
 .bss.__malloc_current_mallinfo
                0x0000000002036a54       0x28 /opt/devkitpro/devkitARM/lib/gcc/arm-none-eabi/7.1.0/../../../../arm-none-eabi/lib/thumb/libg.a(lib_a-mallocr.o)
                0x0000000002036a54                __malloc_current_mallinfo
 .bss.__malloc_max_sbrked_mem
                0x0000000002036a7c        0x4 /opt/devkitpro/devkitARM/lib/gcc/arm-none-eabi/7.1.0/../../../../arm-none-eabi/lib/thumb/libg.a(lib_a-mallocr.o)
                0x0000000002036a7c                __malloc_max_sbrked_mem
 .bss.__malloc_max_total_mem
                0x0000000002036a80        0x4 /opt/devkitpro/devkitARM/lib/gcc/arm-none-eabi/7.1.0/../../../../arm-none-eabi/lib/thumb/libg.a(lib_a-mallocr.o)
                0x0000000002036a80                __malloc_max_total_mem
 .bss.__malloc_top_pad
                0x0000000002036a84        0x4 /opt/devkitpro/devkitARM/lib/gcc/arm-none-eabi/7.1.0/../../../../arm-none-eabi/lib/thumb/libg.a(lib_a-mallocr.o)
                0x0000000002036a84                __malloc_top_pad
 .bss.heap_start.5814
                0x0000000002036a88        0x4 /opt/devkitpro/devkitARM/lib/gcc/arm-none-eabi/7.1.0/../../../../arm-none-eabi/lib/thumb/libsysbase.a(sbrk.o)
 .bss.fake_heap_end
                0x0000000002036a8c        0x4 /opt/devkitpro/devkitARM/lib/gcc/arm-none-eabi/7.1.0/../../../../arm-none-eabi/lib/thumb/libsysbase.a(malloc_vars.o)
                0x0000000002036a8c                fake_heap_end
 .bss.fake_heap_start
                0x0000000002036a90        0x4 /opt/devkitpro/devkitARM/lib/gcc/arm-none-eabi/7.1.0/../../../../arm-none-eabi/lib/thumb/libsysbase.a(malloc_vars.o)
                0x0000000002036a90                fake_heap_start
 .bss.__syscalls
                0x0000000002036a94       0x38 /opt/devkitpro/devkitARM/lib/gcc/arm-none-eabi/7.1.0/../../../../arm-none-eabi/lib/thumb/libsysbase.a(syscall_support.o)
                0x0000000002036a94                __syscalls
 *(EXCLUDE_FILE(*.twl*) COMMON)
 COMMON         0x0000000002036acc       0x10 sprites.o
                0x0000000002036acc                gfxMaletin
                0x0000000002036ad0                gfxSobre
                0x0000000002036ad4                gfxBillete
                0x0000000002036ad8                gfxBilleteSucio
 COMMON         0x0000000002036adc        0x4 main.o
                0x0000000002036adc                dificultad
 COMMON         0x0000000002036ae0      0x800 /opt/devkitpro/libnds/lib/libnds9.a(sprite.o)
                0x0000000002036ae0                OamMemorySub
                0x0000000002036ee0                OamMemory
 COMMON         0x00000000020372e0       0x5c /opt/devkitpro/libnds/lib/libnds9.a(console.o)
                0x00000000020372e0                currentCopy
 COMMON         0x000000000203733c      0x148 /opt/devkitpro/libnds/lib/libnds9.a(background.o)
                0x000000000203733c                bgState
                0x000000000203747c                bgIsTextLut
 COMMON         0x0000000002037484        0x1 /opt/devkitpro/libnds/lib/libnds9.a(initSystem.o)
                0x0000000002037484                __dsimode
 *fill*         0x0000000002037485        0x3 
 COMMON         0x0000000002037488      0xa40 /opt/devkitpro/libnds/lib/libnds9.a(fifosystem.o)
                0x0000000002037488                fifo_datamsg_data
                0x00000000020374c8                fifo_buffer
                0x0000000002037cc8                fifo_value32_func
                0x0000000002037d08                fifo_address_func
                0x0000000002037d48                fifo_value32_data
                0x0000000002037d88                fifo_value32_queue
                0x0000000002037dc8                fifo_data_queue
                0x0000000002037e08                fifo_address_data
                0x0000000002037e48                fifo_datamsg_func
                0x0000000002037e88                fifo_address_queue
 COMMON         0x0000000002037ec8        0x4 /opt/devkitpro/libnds/lib/libnds9.a(timeSupport.o)
                0x0000000002037ec8                punixTime
                0x0000000002037ecc                . = ALIGN (0x4)
                0x0000000002037ecc                __bss_end__ = ABSOLUTE (.)
                0x0000000002037ecc                __end__ = ABSOLUTE (.)

.twl            0x0000000002037ecc        0x0 load address 0x0000000002400000
                0x0000000002400000                __arm9i_lma__ = LOADADDR (.twl)
                0x0000000002037ecc                __arm9i_start__ = ABSOLUTE (.)
 *(.twl)
 *.twl*(.text .stub .text.* .gnu.linkonce.t.*)
 *.twl*(.rodata)
 *.twl*(.roda)
 *.twl*(.rodata.*)
 *.twl*(.data)
 *.twl*(.data.*)
 *.twl*(.gnu.linkonce.d*)
                0x0000000002037ecc                __arm9i_end__ = ABSOLUTE (.)

.twl_bss        0x0000000002037ecc        0x0
                0x0000000002037ecc                __twl_bss_start__ = ABSOLUTE (.)
 *(.twl_bss)
 *.twl*(.dynbss)
 *.twl*(.gnu.linkonce.b*)
 *.twl*(.bss*)
 *.twl*(COMMON)
                0x0000000002037ecc                . = ALIGN (0x4)
                0x0000000002037ecc                __twl_bss_end__ = ABSOLUTE (.)
                0x0000000002037ecc                __twl_end__ = ABSOLUTE (.)

.stab
 *(.stab)

.stabstr
 *(.stabstr)

.stab.excl
 *(.stab.excl)

.stab.exclstr
 *(.stab.exclstr)

.stab.index
 *(.stab.index)

.stab.indexstr
 *(.stab.indexstr)

.comment        0x0000000000000000       0x44
 *(.comment)
 .comment       0x0000000000000000       0x22 /opt/devkitpro/devkitARM/lib/gcc/arm-none-eabi/7.1.0/thumb/crtbegin.o
                                         0x23 (size before relaxing)
 .comment       0x0000000000000022       0x23 rutserv.o
 .comment       0x0000000000000022       0x23 teclado.o
 .comment       0x0000000000000022       0x23 graficos.o
 .comment       0x0000000000000022       0x23 sprites.o
 .comment       0x0000000000000022       0x23 utilidades.o
 .comment       0x0000000000000022       0x23 main.o
 .comment       0x0000000000000022       0x23 fondos.o
 .comment       0x0000000000000022       0x23 temporizadores.o
 .comment       0x0000000000000022       0x22 /opt/devkitpro/libnds/lib/libnds9.a(sprite.o)
                                         0x23 (size before relaxing)
 .comment       0x0000000000000044       0x23 /opt/devkitpro/libnds/lib/libnds9.a(trig.o)
 .comment       0x0000000000000044       0x23 /opt/devkitpro/libnds/lib/libnds9.a(console.o)
 .comment       0x0000000000000044       0x23 /opt/devkitpro/libnds/lib/libnds9.a(system.o)
 .comment       0x0000000000000044       0x23 /opt/devkitpro/libnds/lib/libnds9.a(sprite_alloc.o)
 .comment       0x0000000000000044       0x23 /opt/devkitpro/libnds/lib/libnds9.a(touch.o)
 .comment       0x0000000000000044       0x23 /opt/devkitpro/libnds/lib/libnds9.a(video.o)
 .comment       0x0000000000000044       0x23 /opt/devkitpro/libnds/lib/libnds9.a(background.o)
 .comment       0x0000000000000044       0x23 /opt/devkitpro/libnds/lib/libnds9.a(securearea.o)
 .comment       0x0000000000000044       0x23 /opt/devkitpro/libnds/lib/libnds9.a(initSystem.o)
 .comment       0x0000000000000044       0x23 /opt/devkitpro/libnds/lib/libnds9.a(fifosystem.o)
 .comment       0x0000000000000044       0x23 /opt/devkitpro/libnds/lib/libnds9.a(libnds_exit.arm.o)
 .comment       0x0000000000000044       0x23 /opt/devkitpro/libnds/lib/libnds9.a(interrupts.o)
 .comment       0x0000000000000044       0x23 /opt/devkitpro/libnds/lib/libnds9.a(timeSupport.o)
 .comment       0x0000000000000044       0x23 /opt/devkitpro/devkitARM/lib/gcc/arm-none-eabi/7.1.0/../../../../arm-none-eabi/lib/thumb/libg.a(lib_a-init.o)
 .comment       0x0000000000000044       0x23 /opt/devkitpro/devkitARM/lib/gcc/arm-none-eabi/7.1.0/../../../../arm-none-eabi/lib/thumb/libg.a(lib_a-malloc.o)
 .comment       0x0000000000000044       0x23 /opt/devkitpro/devkitARM/lib/gcc/arm-none-eabi/7.1.0/../../../../arm-none-eabi/lib/thumb/libg.a(lib_a-mallocr.o)
 .comment       0x0000000000000044       0x23 /opt/devkitpro/devkitARM/lib/gcc/arm-none-eabi/7.1.0/../../../../arm-none-eabi/lib/thumb/libg.a(lib_a-memcpy-stub.o)
 .comment       0x0000000000000044       0x23 /opt/devkitpro/devkitARM/lib/gcc/arm-none-eabi/7.1.0/../../../../arm-none-eabi/lib/thumb/libg.a(lib_a-memset.o)
 .comment       0x0000000000000044       0x23 /opt/devkitpro/devkitARM/lib/gcc/arm-none-eabi/7.1.0/../../../../arm-none-eabi/lib/thumb/libg.a(lib_a-mlock.o)
 .comment       0x0000000000000044       0x23 /opt/devkitpro/devkitARM/lib/gcc/arm-none-eabi/7.1.0/../../../../arm-none-eabi/lib/thumb/libg.a(lib_a-printf.o)
 .comment       0x0000000000000044       0x23 /opt/devkitpro/devkitARM/lib/gcc/arm-none-eabi/7.1.0/../../../../arm-none-eabi/lib/thumb/libg.a(lib_a-rand.o)
 .comment       0x0000000000000044       0x23 /opt/devkitpro/devkitARM/lib/gcc/arm-none-eabi/7.1.0/../../../../arm-none-eabi/lib/thumb/libg.a(lib_a-realloc.o)
 .comment       0x0000000000000044       0x23 /opt/devkitpro/devkitARM/lib/gcc/arm-none-eabi/7.1.0/../../../../arm-none-eabi/lib/thumb/libg.a(lib_a-reallocr.o)
 .comment       0x0000000000000044       0x23 /opt/devkitpro/devkitARM/lib/gcc/arm-none-eabi/7.1.0/../../../../arm-none-eabi/lib/thumb/libg.a(lib_a-setvbuf.o)
 .comment       0x0000000000000044       0x23 /opt/devkitpro/devkitARM/lib/gcc/arm-none-eabi/7.1.0/../../../../arm-none-eabi/lib/thumb/libg.a(lib_a-siscanf.o)
 .comment       0x0000000000000044       0x23 /opt/devkitpro/devkitARM/lib/gcc/arm-none-eabi/7.1.0/../../../../arm-none-eabi/lib/thumb/libg.a(lib_a-stdio.o)
 .comment       0x0000000000000044       0x23 /opt/devkitpro/devkitARM/lib/gcc/arm-none-eabi/7.1.0/../../../../arm-none-eabi/lib/thumb/libg.a(lib_a-strlen-stub.o)
 .comment       0x0000000000000044       0x23 /opt/devkitpro/devkitARM/lib/gcc/arm-none-eabi/7.1.0/../../../../arm-none-eabi/lib/thumb/libg.a(lib_a-svfiscanf.o)
 .comment       0x0000000000000044       0x23 /opt/devkitpro/devkitARM/lib/gcc/arm-none-eabi/7.1.0/../../../../arm-none-eabi/lib/thumb/libg.a(lib_a-time.o)
 .comment       0x0000000000000044       0x23 /opt/devkitpro/devkitARM/lib/gcc/arm-none-eabi/7.1.0/../../../../arm-none-eabi/lib/thumb/libg.a(lib_a-ungetc.o)
 .comment       0x0000000000000044       0x23 /opt/devkitpro/devkitARM/lib/gcc/arm-none-eabi/7.1.0/../../../../arm-none-eabi/lib/thumb/libg.a(lib_a-vfiprintf.o)
 .comment       0x0000000000000044       0x23 /opt/devkitpro/devkitARM/lib/gcc/arm-none-eabi/7.1.0/../../../../arm-none-eabi/lib/thumb/libg.a(lib_a-vfprintf.o)
 .comment       0x0000000000000044       0x23 /opt/devkitpro/devkitARM/lib/gcc/arm-none-eabi/7.1.0/../../../../arm-none-eabi/lib/thumb/libg.a(lib_a-wcrtomb.o)
 .comment       0x0000000000000044       0x23 /opt/devkitpro/devkitARM/lib/gcc/arm-none-eabi/7.1.0/../../../../arm-none-eabi/lib/thumb/libg.a(lib_a-wcsrtombs.o)
 .comment       0x0000000000000044       0x23 /opt/devkitpro/devkitARM/lib/gcc/arm-none-eabi/7.1.0/../../../../arm-none-eabi/lib/thumb/libg.a(lib_a-wsetup.o)
 .comment       0x0000000000000044       0x23 /opt/devkitpro/devkitARM/lib/gcc/arm-none-eabi/7.1.0/../../../../arm-none-eabi/lib/thumb/libg.a(lib_a-dtoa.o)
 .comment       0x0000000000000044       0x23 /opt/devkitpro/devkitARM/lib/gcc/arm-none-eabi/7.1.0/../../../../arm-none-eabi/lib/thumb/libg.a(lib_a-fflush.o)
 .comment       0x0000000000000044       0x23 /opt/devkitpro/devkitARM/lib/gcc/arm-none-eabi/7.1.0/../../../../arm-none-eabi/lib/thumb/libg.a(lib_a-findfp.o)
 .comment       0x0000000000000044       0x23 /opt/devkitpro/devkitARM/lib/gcc/arm-none-eabi/7.1.0/../../../../arm-none-eabi/lib/thumb/libg.a(lib_a-freer.o)
 .comment       0x0000000000000044       0x23 /opt/devkitpro/devkitARM/lib/gcc/arm-none-eabi/7.1.0/../../../../arm-none-eabi/lib/thumb/libg.a(lib_a-fvwrite.o)
 .comment       0x0000000000000044       0x23 /opt/devkitpro/devkitARM/lib/gcc/arm-none-eabi/7.1.0/../../../../arm-none-eabi/lib/thumb/libg.a(lib_a-fwalk.o)
 .comment       0x0000000000000044       0x23 /opt/devkitpro/devkitARM/lib/gcc/arm-none-eabi/7.1.0/../../../../arm-none-eabi/lib/thumb/libg.a(lib_a-impure.o)
 .comment       0x0000000000000044       0x23 /opt/devkitpro/devkitARM/lib/gcc/arm-none-eabi/7.1.0/../../../../arm-none-eabi/lib/thumb/libg.a(lib_a-iswspace.o)
 .comment       0x0000000000000044       0x23 /opt/devkitpro/devkitARM/lib/gcc/arm-none-eabi/7.1.0/../../../../arm-none-eabi/lib/thumb/libg.a(lib_a-jp2uc.o)
 .comment       0x0000000000000044       0x23 /opt/devkitpro/devkitARM/lib/gcc/arm-none-eabi/7.1.0/../../../../arm-none-eabi/lib/thumb/libg.a(lib_a-localeconv.o)
 .comment       0x0000000000000044       0x23 /opt/devkitpro/devkitARM/lib/gcc/arm-none-eabi/7.1.0/../../../../arm-none-eabi/lib/thumb/libg.a(lib_a-locale.o)
 .comment       0x0000000000000044       0x23 /opt/devkitpro/devkitARM/lib/gcc/arm-none-eabi/7.1.0/../../../../arm-none-eabi/lib/thumb/libg.a(lib_a-makebuf.o)
 .comment       0x0000000000000044       0x23 /opt/devkitpro/devkitARM/lib/gcc/arm-none-eabi/7.1.0/../../../../arm-none-eabi/lib/thumb/libg.a(lib_a-mbrtowc.o)
 .comment       0x0000000000000044       0x23 /opt/devkitpro/devkitARM/lib/gcc/arm-none-eabi/7.1.0/../../../../arm-none-eabi/lib/thumb/libg.a(lib_a-mbtowc_r.o)
 .comment       0x0000000000000044       0x23 /opt/devkitpro/devkitARM/lib/gcc/arm-none-eabi/7.1.0/../../../../arm-none-eabi/lib/thumb/libg.a(lib_a-memchr-stub.o)
 .comment       0x0000000000000044       0x23 /opt/devkitpro/devkitARM/lib/gcc/arm-none-eabi/7.1.0/../../../../arm-none-eabi/lib/thumb/libg.a(lib_a-memmove.o)
 .comment       0x0000000000000044       0x23 /opt/devkitpro/devkitARM/lib/gcc/arm-none-eabi/7.1.0/../../../../arm-none-eabi/lib/thumb/libg.a(lib_a-mprec.o)
 .comment       0x0000000000000044       0x23 /opt/devkitpro/devkitARM/lib/gcc/arm-none-eabi/7.1.0/../../../../arm-none-eabi/lib/thumb/libg.a(lib_a-sccl.o)
 .comment       0x0000000000000044       0x23 /opt/devkitpro/devkitARM/lib/gcc/arm-none-eabi/7.1.0/../../../../arm-none-eabi/lib/thumb/libg.a(lib_a-s_frexp.o)
 .comment       0x0000000000000044       0x23 /opt/devkitpro/devkitARM/lib/gcc/arm-none-eabi/7.1.0/../../../../arm-none-eabi/lib/thumb/libg.a(lib_a-strncpy.o)
 .comment       0x0000000000000044       0x23 /opt/devkitpro/devkitARM/lib/gcc/arm-none-eabi/7.1.0/../../../../arm-none-eabi/lib/thumb/libg.a(lib_a-strtoll.o)
 .comment       0x0000000000000044       0x23 /opt/devkitpro/devkitARM/lib/gcc/arm-none-eabi/7.1.0/../../../../arm-none-eabi/lib/thumb/libg.a(lib_a-strtol.o)
 .comment       0x0000000000000044       0x23 /opt/devkitpro/devkitARM/lib/gcc/arm-none-eabi/7.1.0/../../../../arm-none-eabi/lib/thumb/libg.a(lib_a-strtoull.o)
 .comment       0x0000000000000044       0x23 /opt/devkitpro/devkitARM/lib/gcc/arm-none-eabi/7.1.0/../../../../arm-none-eabi/lib/thumb/libg.a(lib_a-strtoul.o)
 .comment       0x0000000000000044       0x23 /opt/devkitpro/devkitARM/lib/gcc/arm-none-eabi/7.1.0/../../../../arm-none-eabi/lib/thumb/libg.a(lib_a-svfiprintf.o)
 .comment       0x0000000000000044       0x23 /opt/devkitpro/devkitARM/lib/gcc/arm-none-eabi/7.1.0/../../../../arm-none-eabi/lib/thumb/libg.a(lib_a-wcsnrtombs.o)
 .comment       0x0000000000000044       0x23 /opt/devkitpro/devkitARM/lib/gcc/arm-none-eabi/7.1.0/../../../../arm-none-eabi/lib/thumb/libg.a(lib_a-wctomb_r.o)
 .comment       0x0000000000000044       0x23 /opt/devkitpro/devkitARM/lib/gcc/arm-none-eabi/7.1.0/../../../../arm-none-eabi/lib/thumb/libg.a(lib_a-callocr.o)
 .comment       0x0000000000000044       0x23 /opt/devkitpro/devkitARM/lib/gcc/arm-none-eabi/7.1.0/../../../../arm-none-eabi/lib/thumb/libg.a(lib_a-ctype_.o)
 .comment       0x0000000000000044       0x23 /opt/devkitpro/devkitARM/lib/gcc/arm-none-eabi/7.1.0/../../../../arm-none-eabi/lib/thumb/libg.a(lib_a-fclose.o)
 .comment       0x0000000000000044       0x23 /opt/devkitpro/devkitARM/lib/gcc/arm-none-eabi/7.1.0/../../../../arm-none-eabi/lib/thumb/libsysbase.a(iosupport.o)
 .comment       0x0000000000000044       0x23 /opt/devkitpro/devkitARM/lib/gcc/arm-none-eabi/7.1.0/../../../../arm-none-eabi/lib/thumb/libsysbase.a(close.o)
 .comment       0x0000000000000044       0x23 /opt/devkitpro/devkitARM/lib/gcc/arm-none-eabi/7.1.0/../../../../arm-none-eabi/lib/thumb/libsysbase.a(fstat.o)
 .comment       0x0000000000000044       0x23 /opt/devkitpro/devkitARM/lib/gcc/arm-none-eabi/7.1.0/../../../../arm-none-eabi/lib/thumb/libsysbase.a(gettod.o)
 .comment       0x0000000000000044       0x23 /opt/devkitpro/devkitARM/lib/gcc/arm-none-eabi/7.1.0/../../../../arm-none-eabi/lib/thumb/libsysbase.a(isatty.o)
 .comment       0x0000000000000044       0x23 /opt/devkitpro/devkitARM/lib/gcc/arm-none-eabi/7.1.0/../../../../arm-none-eabi/lib/thumb/libsysbase.a(lseek.o)
 .comment       0x0000000000000044       0x23 /opt/devkitpro/devkitARM/lib/gcc/arm-none-eabi/7.1.0/../../../../arm-none-eabi/lib/thumb/libsysbase.a(read.o)
 .comment       0x0000000000000044       0x23 /opt/devkitpro/devkitARM/lib/gcc/arm-none-eabi/7.1.0/../../../../arm-none-eabi/lib/thumb/libsysbase.a(sbrk.o)
 .comment       0x0000000000000044       0x23 /opt/devkitpro/devkitARM/lib/gcc/arm-none-eabi/7.1.0/../../../../arm-none-eabi/lib/thumb/libsysbase.a(write.o)
 .comment       0x0000000000000044       0x23 /opt/devkitpro/devkitARM/lib/gcc/arm-none-eabi/7.1.0/../../../../arm-none-eabi/lib/thumb/libsysbase.a(malloc_vars.o)
 .comment       0x0000000000000044       0x23 /opt/devkitpro/devkitARM/lib/gcc/arm-none-eabi/7.1.0/../../../../arm-none-eabi/lib/thumb/libsysbase.a(build_argv.o)
 .comment       0x0000000000000044       0x23 /opt/devkitpro/devkitARM/lib/gcc/arm-none-eabi/7.1.0/../../../../arm-none-eabi/lib/thumb/libsysbase.a(flock.o)
 .comment       0x0000000000000044       0x23 /opt/devkitpro/devkitARM/lib/gcc/arm-none-eabi/7.1.0/../../../../arm-none-eabi/lib/thumb/libsysbase.a(syscall_support.o)
 .comment       0x0000000000000044       0x23 /opt/devkitpro/devkitARM/lib/gcc/arm-none-eabi/7.1.0/../../../../arm-none-eabi/lib/thumb/libsysbase.a(handle_manager.o)
 .comment       0x0000000000000044       0x23 /opt/devkitpro/devkitARM/lib/gcc/arm-none-eabi/7.1.0/../../../../arm-none-eabi/lib/thumb/libsysbase.a(getreent.o)
 .comment       0x0000000000000044       0x23 /opt/devkitpro/devkitARM/lib/gcc/arm-none-eabi/7.1.0/thumb/libgcc.a(_muldi3.o)
 .comment       0x0000000000000044       0x23 /opt/devkitpro/devkitARM/lib/gcc/arm-none-eabi/7.1.0/thumb/libgcc.a(_udivmoddi4.o)
 .comment       0x0000000000000044       0x23 /opt/devkitpro/devkitARM/lib/gcc/arm-none-eabi/7.1.0/thumb/crtend.o

.ARM.attributes
                0x0000000000000000       0x2d
 .ARM.attributes
                0x0000000000000000       0x21 /opt/devkitpro/devkitARM/lib/gcc/arm-none-eabi/7.1.0/../../../../arm-none-eabi/lib/thumb/ds_arm9_crt0.o
 .ARM.attributes
                0x0000000000000021       0x16 /opt/devkitpro/devkitARM/lib/gcc/arm-none-eabi/7.1.0/thumb/crti.o
 .ARM.attributes
                0x0000000000000037       0x30 /opt/devkitpro/devkitARM/lib/gcc/arm-none-eabi/7.1.0/thumb/crtbegin.o
 .ARM.attributes
                0x0000000000000067       0x14 Fondo.o
 .ARM.attributes
                0x000000000000007b       0x27 rutserv.o
 .ARM.attributes
                0x00000000000000a2       0x27 teclado.o
 .ARM.attributes
                0x00000000000000c9       0x27 graficos.o
 .ARM.attributes
                0x00000000000000f0       0x27 sprites.o
 .ARM.attributes
                0x0000000000000117       0x27 utilidades.o
 .ARM.attributes
                0x000000000000013e       0x27 main.o
 .ARM.attributes
                0x0000000000000165       0x27 fondos.o
 .ARM.attributes
                0x000000000000018c       0x27 temporizadores.o
 .ARM.attributes
                0x00000000000001b3       0x2b /opt/devkitpro/libnds/lib/libnds9.a(sprite.o)
 .ARM.attributes
                0x00000000000001de       0x2b /opt/devkitpro/libnds/lib/libnds9.a(trig.o)
 .ARM.attributes
                0x0000000000000209       0x2b /opt/devkitpro/libnds/lib/libnds9.a(console.o)
 .ARM.attributes
                0x0000000000000234       0x2b /opt/devkitpro/libnds/lib/libnds9.a(system.o)
 .ARM.attributes
                0x000000000000025f       0x2b /opt/devkitpro/libnds/lib/libnds9.a(sprite_alloc.o)
 .ARM.attributes
                0x000000000000028a       0x2b /opt/devkitpro/libnds/lib/libnds9.a(touch.o)
 .ARM.attributes
                0x00000000000002b5       0x2b /opt/devkitpro/libnds/lib/libnds9.a(video.o)
 .ARM.attributes
                0x00000000000002e0       0x2b /opt/devkitpro/libnds/lib/libnds9.a(background.o)
 .ARM.attributes
                0x000000000000030b       0x2b /opt/devkitpro/libnds/lib/libnds9.a(securearea.o)
 .ARM.attributes
                0x0000000000000336       0x2b /opt/devkitpro/libnds/lib/libnds9.a(initSystem.o)
 .ARM.attributes
                0x0000000000000361       0x2b /opt/devkitpro/libnds/lib/libnds9.a(fifosystem.o)
 .ARM.attributes
                0x000000000000038c       0x2b /opt/devkitpro/libnds/lib/libnds9.a(libnds_exit.arm.o)
 .ARM.attributes
                0x00000000000003b7       0x2b /opt/devkitpro/libnds/lib/libnds9.a(interrupts.o)
 .ARM.attributes
                0x00000000000003e2       0x1b /opt/devkitpro/libnds/lib/libnds9.a(dcache.o)
 .ARM.attributes
                0x00000000000003fd       0x21 /opt/devkitpro/libnds/lib/libnds9.a(cpu_clock.o)
 .ARM.attributes
                0x000000000000041e       0x21 /opt/devkitpro/libnds/lib/libnds9.a(IntrWait.o)
 .ARM.attributes
                0x000000000000043f       0x21 /opt/devkitpro/libnds/lib/libnds9.a(mpu_setup.o)
 .ARM.attributes
                0x0000000000000460       0x21 /opt/devkitpro/libnds/lib/libnds9.a(swiSoftReset.o)
 .ARM.attributes
                0x0000000000000481       0x1b /opt/devkitpro/libnds/lib/libnds9.a(biosCalls.o)
 .ARM.attributes
                0x000000000000049c       0x1b /opt/devkitpro/libnds/lib/libnds9.a(interruptDispatcher.o)
 .ARM.attributes
                0x00000000000004b7       0x14 /opt/devkitpro/libnds/lib/libnds9.a(default_font.bin.o)
 .ARM.attributes
                0x00000000000004cb       0x2b /opt/devkitpro/libnds/lib/libnds9.a(timeSupport.o)
 .ARM.attributes
                0x00000000000004f6       0x18 /opt/devkitpro/devkitARM/lib/gcc/arm-none-eabi/7.1.0/thumb/libgcc.a(_divsi3.o)
 .ARM.attributes
                0x000000000000050e       0x16 /opt/devkitpro/devkitARM/lib/gcc/arm-none-eabi/7.1.0/thumb/libgcc.a(_dvmd_tls.o)
 .ARM.attributes
                0x0000000000000524       0x30 /opt/devkitpro/devkitARM/lib/gcc/arm-none-eabi/7.1.0/../../../../arm-none-eabi/lib/thumb/libg.a(lib_a-init.o)
 .ARM.attributes
                0x0000000000000554       0x30 /opt/devkitpro/devkitARM/lib/gcc/arm-none-eabi/7.1.0/../../../../arm-none-eabi/lib/thumb/libg.a(lib_a-malloc.o)
 .ARM.attributes
                0x0000000000000584       0x30 /opt/devkitpro/devkitARM/lib/gcc/arm-none-eabi/7.1.0/../../../../arm-none-eabi/lib/thumb/libg.a(lib_a-mallocr.o)
 .ARM.attributes
                0x00000000000005b4       0x30 /opt/devkitpro/devkitARM/lib/gcc/arm-none-eabi/7.1.0/../../../../arm-none-eabi/lib/thumb/libg.a(lib_a-memcpy-stub.o)
 .ARM.attributes
                0x00000000000005e4       0x30 /opt/devkitpro/devkitARM/lib/gcc/arm-none-eabi/7.1.0/../../../../arm-none-eabi/lib/thumb/libg.a(lib_a-memset.o)
 .ARM.attributes
                0x0000000000000614       0x30 /opt/devkitpro/devkitARM/lib/gcc/arm-none-eabi/7.1.0/../../../../arm-none-eabi/lib/thumb/libg.a(lib_a-mlock.o)
 .ARM.attributes
                0x0000000000000644       0x30 /opt/devkitpro/devkitARM/lib/gcc/arm-none-eabi/7.1.0/../../../../arm-none-eabi/lib/thumb/libg.a(lib_a-printf.o)
 .ARM.attributes
                0x0000000000000674       0x30 /opt/devkitpro/devkitARM/lib/gcc/arm-none-eabi/7.1.0/../../../../arm-none-eabi/lib/thumb/libg.a(lib_a-rand.o)
 .ARM.attributes
                0x00000000000006a4       0x30 /opt/devkitpro/devkitARM/lib/gcc/arm-none-eabi/7.1.0/../../../../arm-none-eabi/lib/thumb/libg.a(lib_a-realloc.o)
 .ARM.attributes
                0x00000000000006d4       0x30 /opt/devkitpro/devkitARM/lib/gcc/arm-none-eabi/7.1.0/../../../../arm-none-eabi/lib/thumb/libg.a(lib_a-reallocr.o)
 .ARM.attributes
                0x0000000000000704       0x30 /opt/devkitpro/devkitARM/lib/gcc/arm-none-eabi/7.1.0/../../../../arm-none-eabi/lib/thumb/libg.a(lib_a-setvbuf.o)
 .ARM.attributes
                0x0000000000000734       0x30 /opt/devkitpro/devkitARM/lib/gcc/arm-none-eabi/7.1.0/../../../../arm-none-eabi/lib/thumb/libg.a(lib_a-siscanf.o)
 .ARM.attributes
                0x0000000000000764       0x30 /opt/devkitpro/devkitARM/lib/gcc/arm-none-eabi/7.1.0/../../../../arm-none-eabi/lib/thumb/libg.a(lib_a-stdio.o)
 .ARM.attributes
                0x0000000000000794       0x30 /opt/devkitpro/devkitARM/lib/gcc/arm-none-eabi/7.1.0/../../../../arm-none-eabi/lib/thumb/libg.a(lib_a-strlen-stub.o)
 .ARM.attributes
                0x00000000000007c4       0x30 /opt/devkitpro/devkitARM/lib/gcc/arm-none-eabi/7.1.0/../../../../arm-none-eabi/lib/thumb/libg.a(lib_a-svfiscanf.o)
 .ARM.attributes
                0x00000000000007f4       0x30 /opt/devkitpro/devkitARM/lib/gcc/arm-none-eabi/7.1.0/../../../../arm-none-eabi/lib/thumb/libg.a(lib_a-time.o)
 .ARM.attributes
                0x0000000000000824       0x30 /opt/devkitpro/devkitARM/lib/gcc/arm-none-eabi/7.1.0/../../../../arm-none-eabi/lib/thumb/libg.a(lib_a-ungetc.o)
 .ARM.attributes
                0x0000000000000854       0x30 /opt/devkitpro/devkitARM/lib/gcc/arm-none-eabi/7.1.0/../../../../arm-none-eabi/lib/thumb/libg.a(lib_a-vfiprintf.o)
 .ARM.attributes
                0x0000000000000884       0x30 /opt/devkitpro/devkitARM/lib/gcc/arm-none-eabi/7.1.0/../../../../arm-none-eabi/lib/thumb/libg.a(lib_a-vfprintf.o)
 .ARM.attributes
                0x00000000000008b4       0x30 /opt/devkitpro/devkitARM/lib/gcc/arm-none-eabi/7.1.0/../../../../arm-none-eabi/lib/thumb/libg.a(lib_a-wcrtomb.o)
 .ARM.attributes
                0x00000000000008e4       0x30 /opt/devkitpro/devkitARM/lib/gcc/arm-none-eabi/7.1.0/../../../../arm-none-eabi/lib/thumb/libg.a(lib_a-wcsrtombs.o)
 .ARM.attributes
                0x0000000000000914       0x30 /opt/devkitpro/devkitARM/lib/gcc/arm-none-eabi/7.1.0/../../../../arm-none-eabi/lib/thumb/libg.a(lib_a-wsetup.o)
 .ARM.attributes
                0x0000000000000944       0x30 /opt/devkitpro/devkitARM/lib/gcc/arm-none-eabi/7.1.0/../../../../arm-none-eabi/lib/thumb/libg.a(lib_a-dtoa.o)
 .ARM.attributes
                0x0000000000000974       0x30 /opt/devkitpro/devkitARM/lib/gcc/arm-none-eabi/7.1.0/../../../../arm-none-eabi/lib/thumb/libg.a(lib_a-fflush.o)
 .ARM.attributes
                0x00000000000009a4       0x30 /opt/devkitpro/devkitARM/lib/gcc/arm-none-eabi/7.1.0/../../../../arm-none-eabi/lib/thumb/libg.a(lib_a-findfp.o)
 .ARM.attributes
                0x00000000000009d4       0x30 /opt/devkitpro/devkitARM/lib/gcc/arm-none-eabi/7.1.0/../../../../arm-none-eabi/lib/thumb/libg.a(lib_a-freer.o)
 .ARM.attributes
                0x0000000000000a04       0x30 /opt/devkitpro/devkitARM/lib/gcc/arm-none-eabi/7.1.0/../../../../arm-none-eabi/lib/thumb/libg.a(lib_a-fvwrite.o)
 .ARM.attributes
                0x0000000000000a34       0x30 /opt/devkitpro/devkitARM/lib/gcc/arm-none-eabi/7.1.0/../../../../arm-none-eabi/lib/thumb/libg.a(lib_a-fwalk.o)
 .ARM.attributes
                0x0000000000000a64       0x30 /opt/devkitpro/devkitARM/lib/gcc/arm-none-eabi/7.1.0/../../../../arm-none-eabi/lib/thumb/libg.a(lib_a-impure.o)
 .ARM.attributes